250604-15:43:32,852 nipype.workflow IMPORTANT:
	 Running fMRIPrep version 25.0.0

         License NOTICE ##################################################
         fMRIPrep 25.0.0
         Copyright The NiPreps Developers.
         
         This product includes software developed by
         the NiPreps Community (https://nipreps.org/).
         
         Portions of this software were developed at the Department of
         Psychology at Stanford University, Stanford, CA, US.
         
         This software is also distributed as a Docker container image.
         The bootstrapping file for the image ("Dockerfile") is licensed
         under the MIT License.
         
         This software may be distributed through an add-on package called
         "Docker Wrapper" that is under the BSD 3-clause License.
         #################################################################
250604-17:09:00,564 nipype.workflow IMPORTANT:
	 Building fMRIPrep's workflow:
           * BIDS dataset path: /data.
           * Participant list: ['GEO047'].
           * Run identifier: 20250604-115337_2342497a-05cd-406e-8a8b-639b6f74d1c7.
           * Output spaces: MNI152NLin2009cAsym:res-native.
           * Pre-run FreeSurfer's SUBJECTS_DIR: /out/sourcedata/freesurfer.
250604-17:09:21,286 nipype.workflow INFO:
	 ANAT Stage 1: Adding template workflow
250604-17:09:31,477 nipype.workflow INFO:
	 ANAT Stage 2: Preparing brain extraction workflow
250604-17:09:31,693 nipype.workflow INFO:
	 ANAT Stage 3: Preparing segmentation workflow
250604-17:09:31,697 nipype.workflow INFO:
	 ANAT Stage 4: Preparing normalization workflow for ['MNI152NLin2009cAsym']
250604-17:09:31,765 nipype.workflow INFO:
	 ANAT Stage 5: Preparing surface reconstruction workflow
250604-17:09:31,783 nipype.workflow INFO:
	 ANAT Stage 6: Preparing mask refinement workflow
250604-17:09:31,786 nipype.workflow INFO:
	 ANAT Stage 7: Creating T2w template
250604-17:09:31,790 nipype.workflow INFO:
	 ANAT Stage 8: Creating GIFTI surfaces for ['white', 'pial', 'midthickness', 'sphere_reg', 'sphere']
250604-17:09:31,804 nipype.workflow INFO:
	 ANAT Stage 8: Creating GIFTI metrics for ['thickness', 'sulc']
250604-17:09:31,810 nipype.workflow INFO:
	 ANAT Stage 8a: Creating cortical ribbon mask
250604-17:09:31,813 nipype.workflow INFO:
	 ANAT Stage 9: Creating fsLR registration sphere
250604-17:09:31,817 nipype.workflow INFO:
	 ANAT Stage 10: Creating MSM-Sulc registration sphere
250604-17:10:19,38 nipype.workflow INFO:
	 No single-band-reference found for sub-GEO047_ses-t2_task-image_run-1_bold.nii.gz.
250604-17:10:19,442 nipype.workflow INFO:
	 Stage 1: Adding HMC boldref workflow
250604-17:10:19,451 nipype.workflow INFO:
	 Stage 2: Adding motion correction workflow
250604-17:10:19,457 nipype.workflow INFO:
	 Stage 3: Adding coregistration boldref workflow
250604-17:10:25,920 nipype.workflow INFO:
	 No single-band-reference found for sub-GEO047_ses-t2_task-image_run-2_bold.nii.gz.
250604-17:10:26,70 nipype.workflow INFO:
	 Stage 1: Adding HMC boldref workflow
250604-17:10:26,76 nipype.workflow INFO:
	 Stage 2: Adding motion correction workflow
250604-17:10:26,79 nipype.workflow INFO:
	 Stage 3: Adding coregistration boldref workflow
250604-17:10:32,646 nipype.workflow INFO:
	 No single-band-reference found for sub-GEO047_ses-t2_task-image_run-3_bold.nii.gz.
250604-17:10:32,828 nipype.workflow INFO:
	 Stage 1: Adding HMC boldref workflow
250604-17:10:32,837 nipype.workflow INFO:
	 Stage 2: Adding motion correction workflow
250604-17:10:32,843 nipype.workflow INFO:
	 Stage 3: Adding coregistration boldref workflow
250604-17:10:39,245 nipype.workflow INFO:
	 No single-band-reference found for sub-GEO047_ses-t2_task-image_run-4_bold.nii.gz.
250604-17:10:39,388 nipype.workflow INFO:
	 Stage 1: Adding HMC boldref workflow
250604-17:10:39,394 nipype.workflow INFO:
	 Stage 2: Adding motion correction workflow
250604-17:10:39,398 nipype.workflow INFO:
	 Stage 3: Adding coregistration boldref workflow
250604-17:10:45,925 nipype.workflow INFO:
	 No single-band-reference found for sub-GEO047_ses-t2_task-image_run-5_bold.nii.gz.
250604-17:10:46,64 nipype.workflow INFO:
	 Stage 1: Adding HMC boldref workflow
250604-17:10:46,70 nipype.workflow INFO:
	 Stage 2: Adding motion correction workflow
250604-17:10:46,73 nipype.workflow INFO:
	 Stage 3: Adding coregistration boldref workflow
250604-17:11:00,520 nipype.workflow INFO:
	 fMRIPrep workflow graph with 1031 nodes built successfully.
250604-17:12:26,527 nipype.workflow IMPORTANT:
	 fMRIPrep started!
250604-17:12:53,586 nipype.workflow INFO:
	 [Node] Setting-up "fmriprep_25_0_wf.sub_GEO047_wf.bidssrc" in "/work/fmriprep_25_0_wf/sub_GEO047_wf/bidssrc".
250604-17:12:55,419 nipype.workflow INFO:
	 [Node] Executing "bidssrc" <niworkflows.interfaces.bids.BIDSDataGrabber>
250604-17:12:55,424 nipype.workflow INFO:
	 [Node] Finished "bidssrc", elapsed time 0.000598s.
250604-17:12:55,424 nipype.workflow WARNING:
	 Storing result file without outputs
250604-17:12:55,564 nipype.workflow WARNING:
	 [Node] Error on "fmriprep_25_0_wf.sub_GEO047_wf.bidssrc" (/work/fmriprep_25_0_wf/sub_GEO047_wf/bidssrc)
250604-17:12:56,291 nipype.workflow ERROR:
	 Node bidssrc failed to run on host cls000.
250604-17:12:56,299 nipype.workflow ERROR:
	 Saving crash info to /out/sub-GEO047/log/20250604-115337_2342497a-05cd-406e-8a8b-639b6f74d1c7/crash-20250604-171256-aresnick@asc.upenn.edu-bidssrc-9354f2b5-8b1e-4bfd-802b-379f9e78941f.txt
Traceback (most recent call last):
  File "/opt/conda/envs/fmriprep/lib/python3.12/site-packages/nipype/pipeline/plugins/multiproc.py", line 66, in run_node
    result["result"] = node.run(updatehash=updatehash)
                       ^^^^^^^^^^^^^^^^^^^^^^^^^^^^^^^
  File "/opt/conda/envs/fmriprep/lib/python3.12/site-packages/nipype/pipeline/engine/nodes.py", line 525, in run
    result = self._run_interface(execute=True)
             ^^^^^^^^^^^^^^^^^^^^^^^^^^^^^^^^^
  File "/opt/conda/envs/fmriprep/lib/python3.12/site-packages/nipype/pipeline/engine/nodes.py", line 643, in _run_interface
    return self._run_command(execute)
           ^^^^^^^^^^^^^^^^^^^^^^^^^^
  File "/opt/conda/envs/fmriprep/lib/python3.12/site-packages/nipype/pipeline/engine/nodes.py", line 769, in _run_command
    raise NodeExecutionError(msg)
nipype.pipeline.engine.nodes.NodeExecutionError: Exception raised while executing Node bidssrc.

Traceback:
	Traceback (most recent call last):
	  File "/opt/conda/envs/fmriprep/lib/python3.12/site-packages/nipype/interfaces/base/core.py", line 401, in run
	    runtime = self._run_interface(runtime)
	              ^^^^^^^^^^^^^^^^^^^^^^^^^^^^
	  File "/opt/conda/envs/fmriprep/lib/python3.12/site-packages/niworkflows/interfaces/bids.py", line 283, in _run_interface
	    raise FileNotFoundError(
	FileNotFoundError: No T1w images found for subject sub-GEO047


250604-17:13:09,448 nipype.interface WARNING:
	 Changing /out/sub-GEO047/ses-t2/func/sub-GEO047_ses-t2_task-image_run-1_desc-hmc_boldref.nii.gz dtype from uint16 to float32
250604-17:13:11,963 nipype.interface WARNING:
	 Changing /out/sub-GEO047/ses-t2/func/sub-GEO047_ses-t2_task-image_run-2_desc-hmc_boldref.nii.gz dtype from uint16 to float32
250604-17:13:14,744 nipype.interface WARNING:
	 Changing /out/sub-GEO047/ses-t2/func/sub-GEO047_ses-t2_task-image_run-3_desc-hmc_boldref.nii.gz dtype from uint16 to float32
250604-17:13:17,557 nipype.interface WARNING:
	 Changing /out/sub-GEO047/ses-t2/func/sub-GEO047_ses-t2_task-image_run-4_desc-hmc_boldref.nii.gz dtype from uint16 to float32
250604-17:13:20,306 nipype.interface WARNING:
	 Changing /out/sub-GEO047/ses-t2/func/sub-GEO047_ses-t2_task-image_run-5_desc-hmc_boldref.nii.gz dtype from uint16 to float32
250604-17:13:21,45 nipype.workflow INFO:
	 [Node] Setting-up "fmriprep_25_0_wf.sub_GEO047_wf.bold_ses_t2_task_image_run_1_wf.bold_fit_wf.ds_coreg_boldref_wf.sources" in "/work/fmriprep_25_0_wf/sub_GEO047_wf/bold_ses_t2_task_image_run_1_wf/bold_fit_wf/ds_coreg_boldref_wf/sources".
250604-17:13:21,47 nipype.workflow INFO:
	 [Node] Outdated cache found for "fmriprep_25_0_wf.sub_GEO047_wf.bold_ses_t2_task_image_run_1_wf.bold_fit_wf.ds_coreg_boldref_wf.sources".
250604-17:13:22,828 nipype.workflow INFO:
	 [Node] Executing "sources" <fmriprep.interfaces.bids.BIDSURI>
250604-17:13:22,829 nipype.workflow INFO:
	 [Node] Finished "sources", elapsed time 0.00072s.
250604-17:13:23,191 nipype.workflow INFO:
	 [Node] Setting-up "fmriprep_25_0_wf.sub_GEO047_wf.bold_ses_t2_task_image_run_2_wf.bold_fit_wf.ds_coreg_boldref_wf.sources" in "/work/fmriprep_25_0_wf/sub_GEO047_wf/bold_ses_t2_task_image_run_2_wf/bold_fit_wf/ds_coreg_boldref_wf/sources".
250604-17:13:23,192 nipype.workflow INFO:
	 [Node] Outdated cache found for "fmriprep_25_0_wf.sub_GEO047_wf.bold_ses_t2_task_image_run_2_wf.bold_fit_wf.ds_coreg_boldref_wf.sources".
250604-17:13:24,951 nipype.workflow INFO:
	 [Node] Executing "sources" <fmriprep.interfaces.bids.BIDSURI>
250604-17:13:24,953 nipype.workflow INFO:
	 [Node] Finished "sources", elapsed time 0.000742s.
250604-17:13:26,496 nipype.workflow INFO:
	 [Node] Setting-up "fmriprep_25_0_wf.sub_GEO047_wf.bold_ses_t2_task_image_run_3_wf.bold_fit_wf.ds_coreg_boldref_wf.sources" in "/work/fmriprep_25_0_wf/sub_GEO047_wf/bold_ses_t2_task_image_run_3_wf/bold_fit_wf/ds_coreg_boldref_wf/sources".
250604-17:13:26,497 nipype.workflow INFO:
	 [Node] Outdated cache found for "fmriprep_25_0_wf.sub_GEO047_wf.bold_ses_t2_task_image_run_3_wf.bold_fit_wf.ds_coreg_boldref_wf.sources".
250604-17:13:26,676 nipype.workflow INFO:
	 [Node] Setting-up "fmriprep_25_0_wf.sub_GEO047_wf.bold_ses_t2_task_image_run_4_wf.bold_fit_wf.ds_coreg_boldref_wf.sources" in "/work/fmriprep_25_0_wf/sub_GEO047_wf/bold_ses_t2_task_image_run_4_wf/bold_fit_wf/ds_coreg_boldref_wf/sources".
250604-17:13:26,677 nipype.workflow INFO:
	 [Node] Outdated cache found for "fmriprep_25_0_wf.sub_GEO047_wf.bold_ses_t2_task_image_run_4_wf.bold_fit_wf.ds_coreg_boldref_wf.sources".
250604-17:13:26,690 nipype.workflow INFO:
	 [Node] Setting-up "fmriprep_25_0_wf.sub_GEO047_wf.bold_ses_t2_task_image_run_5_wf.bold_fit_wf.ds_coreg_boldref_wf.sources" in "/work/fmriprep_25_0_wf/sub_GEO047_wf/bold_ses_t2_task_image_run_5_wf/bold_fit_wf/ds_coreg_boldref_wf/sources".
250604-17:13:26,691 nipype.workflow INFO:
	 [Node] Outdated cache found for "fmriprep_25_0_wf.sub_GEO047_wf.bold_ses_t2_task_image_run_5_wf.bold_fit_wf.ds_coreg_boldref_wf.sources".
250604-17:13:29,459 nipype.workflow INFO:
	 [Node] Executing "sources" <fmriprep.interfaces.bids.BIDSURI>
250604-17:13:29,463 nipype.workflow INFO:
	 [Node] Finished "sources", elapsed time 0.000855s.
250604-17:13:30,867 nipype.workflow INFO:
	 [Node] Executing "sources" <fmriprep.interfaces.bids.BIDSURI>
250604-17:13:30,871 nipype.workflow INFO:
	 [Node] Finished "sources", elapsed time 0.000815s.
250604-17:13:31,600 nipype.workflow INFO:
	 [Node] Executing "sources" <fmriprep.interfaces.bids.BIDSURI>
250604-17:13:31,605 nipype.workflow INFO:
	 [Node] Finished "sources", elapsed time 0.001818s.
250604-17:13:46,204 nipype.workflow INFO:
	 [Node] Setting-up "fmriprep_25_0_wf.sub_GEO047_wf.bold_ses_t2_task_image_run_1_wf.bold_confounds_wf.motion_params" in "/work/fmriprep_25_0_wf/sub_GEO047_wf/bold_ses_t2_task_image_run_1_wf/bold_confounds_wf/motion_params".
250604-17:13:46,205 nipype.workflow INFO:
	 [Node] Outdated cache found for "fmriprep_25_0_wf.sub_GEO047_wf.bold_ses_t2_task_image_run_1_wf.bold_confounds_wf.motion_params".
250604-17:13:47,947 nipype.workflow INFO:
	 [Node] Executing "motion_params" <fmriprep.interfaces.confounds.FSLMotionParams>
250604-17:13:48,196 nipype.workflow INFO:
	 [Node] Finished "motion_params", elapsed time 0.247618s.
250604-17:13:59,657 nipype.workflow INFO:
	 [Node] Setting-up "fmriprep_25_0_wf.sub_GEO047_wf.bold_ses_t2_task_image_run_1_wf.bold_confounds_wf.rmsd" in "/work/fmriprep_25_0_wf/sub_GEO047_wf/bold_ses_t2_task_image_run_1_wf/bold_confounds_wf/rmsd".
250604-17:13:59,658 nipype.workflow INFO:
	 [Node] Outdated cache found for "fmriprep_25_0_wf.sub_GEO047_wf.bold_ses_t2_task_image_run_1_wf.bold_confounds_wf.rmsd".
250604-17:14:01,581 nipype.workflow INFO:
	 [Node] Executing "rmsd" <fmriprep.interfaces.confounds.FSLRMSDeviation>
250604-17:14:01,767 nipype.workflow INFO:
	 [Node] Finished "rmsd", elapsed time 0.185046s.
250604-17:14:09,810 nipype.workflow INFO:
	 [Node] Setting-up "fmriprep_25_0_wf.sub_GEO047_wf.bold_ses_t2_task_image_run_2_wf.bold_confounds_wf.motion_params" in "/work/fmriprep_25_0_wf/sub_GEO047_wf/bold_ses_t2_task_image_run_2_wf/bold_confounds_wf/motion_params".
250604-17:14:09,811 nipype.workflow INFO:
	 [Node] Outdated cache found for "fmriprep_25_0_wf.sub_GEO047_wf.bold_ses_t2_task_image_run_2_wf.bold_confounds_wf.motion_params".
250604-17:14:11,322 nipype.workflow INFO:
	 [Node] Executing "motion_params" <fmriprep.interfaces.confounds.FSLMotionParams>
250604-17:14:11,515 nipype.workflow INFO:
	 [Node] Finished "motion_params", elapsed time 0.191721s.
250604-17:14:17,103 nipype.workflow INFO:
	 [Node] Setting-up "fmriprep_25_0_wf.sub_GEO047_wf.bold_ses_t2_task_image_run_3_wf.bold_confounds_wf.rmsd" in "/work/fmriprep_25_0_wf/sub_GEO047_wf/bold_ses_t2_task_image_run_3_wf/bold_confounds_wf/rmsd".
250604-17:14:17,104 nipype.workflow INFO:
	 [Node] Outdated cache found for "fmriprep_25_0_wf.sub_GEO047_wf.bold_ses_t2_task_image_run_3_wf.bold_confounds_wf.rmsd".
250604-17:14:17,149 nipype.workflow INFO:
	 [Node] Setting-up "fmriprep_25_0_wf.sub_GEO047_wf.bold_ses_t2_task_image_run_4_wf.bold_confounds_wf.motion_params" in "/work/fmriprep_25_0_wf/sub_GEO047_wf/bold_ses_t2_task_image_run_4_wf/bold_confounds_wf/motion_params".
250604-17:14:17,151 nipype.workflow INFO:
	 [Node] Outdated cache found for "fmriprep_25_0_wf.sub_GEO047_wf.bold_ses_t2_task_image_run_4_wf.bold_confounds_wf.motion_params".
250604-17:14:17,162 nipype.workflow INFO:
	 [Node] Setting-up "fmriprep_25_0_wf.sub_GEO047_wf.bold_ses_t2_task_image_run_4_wf.bold_confounds_wf.rmsd" in "/work/fmriprep_25_0_wf/sub_GEO047_wf/bold_ses_t2_task_image_run_4_wf/bold_confounds_wf/rmsd".
250604-17:14:17,162 nipype.workflow INFO:
	 [Node] Outdated cache found for "fmriprep_25_0_wf.sub_GEO047_wf.bold_ses_t2_task_image_run_4_wf.bold_confounds_wf.rmsd".
250604-17:14:18,83 nipype.workflow INFO:
	 [Node] Setting-up "fmriprep_25_0_wf.sub_GEO047_wf.bold_ses_t2_task_image_run_2_wf.bold_confounds_wf.rmsd" in "/work/fmriprep_25_0_wf/sub_GEO047_wf/bold_ses_t2_task_image_run_2_wf/bold_confounds_wf/rmsd".
250604-17:14:18,83 nipype.workflow INFO:
	 [Node] Outdated cache found for "fmriprep_25_0_wf.sub_GEO047_wf.bold_ses_t2_task_image_run_2_wf.bold_confounds_wf.rmsd".
250604-17:14:18,140 nipype.workflow INFO:
	 [Node] Setting-up "fmriprep_25_0_wf.sub_GEO047_wf.bold_ses_t2_task_image_run_3_wf.bold_confounds_wf.motion_params" in "/work/fmriprep_25_0_wf/sub_GEO047_wf/bold_ses_t2_task_image_run_3_wf/bold_confounds_wf/motion_params".
250604-17:14:18,141 nipype.workflow INFO:
	 [Node] Outdated cache found for "fmriprep_25_0_wf.sub_GEO047_wf.bold_ses_t2_task_image_run_3_wf.bold_confounds_wf.motion_params".
250604-17:14:19,902 nipype.workflow INFO:
	 [Node] Executing "rmsd" <fmriprep.interfaces.confounds.FSLRMSDeviation>
250604-17:14:19,908 nipype.workflow INFO:
	 [Node] Executing "rmsd" <fmriprep.interfaces.confounds.FSLRMSDeviation>
250604-17:14:20,84 nipype.workflow INFO:
	 [Node] Finished "rmsd", elapsed time 0.180114s.
250604-17:14:20,188 nipype.workflow INFO:
	 [Node] Finished "rmsd", elapsed time 0.278412s.
250604-17:14:20,396 nipype.workflow INFO:
	 [Node] Setting-up "fmriprep_25_0_wf.sub_GEO047_wf.bold_ses_t2_task_image_run_5_wf.bold_confounds_wf.motion_params" in "/work/fmriprep_25_0_wf/sub_GEO047_wf/bold_ses_t2_task_image_run_5_wf/bold_confounds_wf/motion_params".
250604-17:14:20,397 nipype.workflow INFO:
	 [Node] Outdated cache found for "fmriprep_25_0_wf.sub_GEO047_wf.bold_ses_t2_task_image_run_5_wf.bold_confounds_wf.motion_params".
250604-17:14:20,858 nipype.workflow INFO:
	 [Node] Setting-up "fmriprep_25_0_wf.sub_GEO047_wf.bold_ses_t2_task_image_run_5_wf.bold_confounds_wf.rmsd" in "/work/fmriprep_25_0_wf/sub_GEO047_wf/bold_ses_t2_task_image_run_5_wf/bold_confounds_wf/rmsd".
250604-17:14:20,859 nipype.workflow INFO:
	 [Node] Outdated cache found for "fmriprep_25_0_wf.sub_GEO047_wf.bold_ses_t2_task_image_run_5_wf.bold_confounds_wf.rmsd".
250604-17:14:21,277 nipype.workflow INFO:
	 [Node] Executing "motion_params" <fmriprep.interfaces.confounds.FSLMotionParams>
250604-17:14:21,497 nipype.workflow INFO:
	 [Node] Executing "rmsd" <fmriprep.interfaces.confounds.FSLRMSDeviation>
250604-17:14:21,511 nipype.workflow INFO:
	 [Node] Finished "motion_params", elapsed time 0.232998s.
250604-17:14:21,796 nipype.workflow INFO:
	 [Node] Finished "rmsd", elapsed time 0.296539s.
250604-17:14:21,888 nipype.workflow INFO:
	 [Node] Setting-up "fmriprep_25_0_wf.sub_GEO047_wf.bold_ses_t2_task_image_run_1_wf.bold_confounds_wf.fdisp" in "/work/fmriprep_25_0_wf/sub_GEO047_wf/bold_ses_t2_task_image_run_1_wf/bold_confounds_wf/fdisp".
250604-17:14:21,889 nipype.workflow INFO:
	 [Node] Outdated cache found for "fmriprep_25_0_wf.sub_GEO047_wf.bold_ses_t2_task_image_run_1_wf.bold_confounds_wf.fdisp".
250604-17:14:22,627 nipype.workflow INFO:
	 [Node] Executing "motion_params" <fmriprep.interfaces.confounds.FSLMotionParams>
250604-17:14:22,985 nipype.workflow INFO:
	 [Node] Finished "motion_params", elapsed time 0.35637s.
250604-17:14:23,56 nipype.workflow INFO:
	 [Node] Setting-up "fmriprep_25_0_wf.sub_GEO047_wf.bold_ses_t2_task_image_run_2_wf.bold_confounds_wf.fdisp" in "/work/fmriprep_25_0_wf/sub_GEO047_wf/bold_ses_t2_task_image_run_2_wf/bold_confounds_wf/fdisp".
250604-17:14:23,56 nipype.workflow INFO:
	 [Node] Outdated cache found for "fmriprep_25_0_wf.sub_GEO047_wf.bold_ses_t2_task_image_run_2_wf.bold_confounds_wf.fdisp".
250604-17:14:23,220 nipype.workflow INFO:
	 [Node] Setting-up "fmriprep_25_0_wf.sub_GEO047_wf.bold_ses_t2_task_image_run_4_wf.bold_confounds_wf.fdisp" in "/work/fmriprep_25_0_wf/sub_GEO047_wf/bold_ses_t2_task_image_run_4_wf/bold_confounds_wf/fdisp".
250604-17:14:23,220 nipype.workflow INFO:
	 [Node] Outdated cache found for "fmriprep_25_0_wf.sub_GEO047_wf.bold_ses_t2_task_image_run_4_wf.bold_confounds_wf.fdisp".
250604-17:14:23,717 nipype.workflow INFO:
	 [Node] Executing "motion_params" <fmriprep.interfaces.confounds.FSLMotionParams>
250604-17:14:24,104 nipype.workflow INFO:
	 [Node] Finished "motion_params", elapsed time 0.385147s.
250604-17:14:24,279 nipype.workflow INFO:
	 [Node] Executing "rmsd" <fmriprep.interfaces.confounds.FSLRMSDeviation>
250604-17:14:24,443 nipype.workflow INFO:
	 [Node] Finished "rmsd", elapsed time 0.162175s.
250604-17:14:24,455 nipype.workflow INFO:
	 [Node] Executing "fdisp" <fmriprep.interfaces.confounds.FramewiseDisplacement>
250604-17:14:24,600 nipype.workflow INFO:
	 [Node] Finished "fdisp", elapsed time 0.144038s.
250604-17:14:25,74 nipype.workflow INFO:
	 [Node] Setting-up "fmriprep_25_0_wf.sub_GEO047_wf.bold_ses_t2_task_image_run_3_wf.bold_confounds_wf.fdisp" in "/work/fmriprep_25_0_wf/sub_GEO047_wf/bold_ses_t2_task_image_run_3_wf/bold_confounds_wf/fdisp".
250604-17:14:25,75 nipype.workflow INFO:
	 [Node] Outdated cache found for "fmriprep_25_0_wf.sub_GEO047_wf.bold_ses_t2_task_image_run_3_wf.bold_confounds_wf.fdisp".
250604-17:14:25,90 nipype.workflow INFO:
	 [Node] Executing "fdisp" <fmriprep.interfaces.confounds.FramewiseDisplacement>
250604-17:14:25,128 nipype.workflow INFO:
	 [Node] Setting-up "fmriprep_25_0_wf.sub_GEO047_wf.bold_ses_t2_task_image_run_5_wf.bold_confounds_wf.fdisp" in "/work/fmriprep_25_0_wf/sub_GEO047_wf/bold_ses_t2_task_image_run_5_wf/bold_confounds_wf/fdisp".
250604-17:14:25,129 nipype.workflow INFO:
	 [Node] Outdated cache found for "fmriprep_25_0_wf.sub_GEO047_wf.bold_ses_t2_task_image_run_5_wf.bold_confounds_wf.fdisp".
250604-17:14:25,166 nipype.workflow INFO:
	 [Node] Executing "fdisp" <fmriprep.interfaces.confounds.FramewiseDisplacement>
250604-17:14:25,221 nipype.workflow INFO:
	 [Node] Finished "fdisp", elapsed time 0.130745s.
250604-17:14:25,300 nipype.workflow INFO:
	 [Node] Finished "fdisp", elapsed time 0.13306s.
250604-17:14:27,449 nipype.workflow INFO:
	 [Node] Executing "fdisp" <fmriprep.interfaces.confounds.FramewiseDisplacement>
250604-17:14:27,456 nipype.workflow INFO:
	 [Node] Executing "fdisp" <fmriprep.interfaces.confounds.FramewiseDisplacement>
250604-17:14:27,510 nipype.workflow INFO:
	 [Node] Finished "fdisp", elapsed time 0.052082s.
250604-17:14:27,558 nipype.workflow INFO:
	 [Node] Finished "fdisp", elapsed time 0.106692s.
250604-17:14:28,823 nipype.interface WARNING:
	 Changing /out/sub-GEO047/ses-t2/func/sub-GEO047_ses-t2_task-image_run-1_desc-coreg_boldref.nii.gz dtype from uint16 to float32
250604-17:14:31,113 nipype.interface WARNING:
	 Changing /out/sub-GEO047/ses-t2/func/sub-GEO047_ses-t2_task-image_run-2_desc-coreg_boldref.nii.gz dtype from uint16 to float32
250604-17:14:33,520 nipype.interface WARNING:
	 Changing /out/sub-GEO047/ses-t2/func/sub-GEO047_ses-t2_task-image_run-3_desc-coreg_boldref.nii.gz dtype from uint16 to float32
250604-17:14:35,277 nipype.interface WARNING:
	 Changing /out/sub-GEO047/ses-t2/func/sub-GEO047_ses-t2_task-image_run-4_desc-coreg_boldref.nii.gz dtype from uint16 to float32
250604-17:14:37,278 nipype.interface WARNING:
	 Changing /out/sub-GEO047/ses-t2/func/sub-GEO047_ses-t2_task-image_run-5_desc-coreg_boldref.nii.gz dtype from uint16 to float32
250604-17:14:38,18 nipype.workflow INFO:
	 [Node] Setting-up "fmriprep_25_0_wf.sub_GEO047_wf.bold_ses_t2_task_image_run_1_wf.bold_fit_wf.ds_boldreg_wf.sources" in "/work/fmriprep_25_0_wf/sub_GEO047_wf/bold_ses_t2_task_image_run_1_wf/bold_fit_wf/ds_boldreg_wf/sources".
250604-17:14:38,18 nipype.workflow INFO:
	 [Node] Outdated cache found for "fmriprep_25_0_wf.sub_GEO047_wf.bold_ses_t2_task_image_run_1_wf.bold_fit_wf.ds_boldreg_wf.sources".
250604-17:14:38,214 nipype.workflow INFO:
	 [Node] Setting-up "fmriprep_25_0_wf.sub_GEO047_wf.bold_ses_t2_task_image_run_1_wf.bold_std_wf.gen_ref" in "/work/fmriprep_25_0_wf/sub_GEO047_wf/bold_ses_t2_task_image_run_1_wf/bold_std_wf/_in_tuple_MNI152NLin2009cAsym.resnative/gen_ref".
250604-17:14:38,215 nipype.workflow INFO:
	 [Node] Outdated cache found for "fmriprep_25_0_wf.sub_GEO047_wf.bold_ses_t2_task_image_run_1_wf.bold_std_wf.gen_ref".
250604-17:14:38,402 nipype.workflow INFO:
	 [Node] Setting-up "fmriprep_25_0_wf.sub_GEO047_wf.bold_ses_t2_task_image_run_2_wf.bold_std_wf.gen_ref" in "/work/fmriprep_25_0_wf/sub_GEO047_wf/bold_ses_t2_task_image_run_2_wf/bold_std_wf/_in_tuple_MNI152NLin2009cAsym.resnative/gen_ref".
250604-17:14:38,403 nipype.workflow INFO:
	 [Node] Outdated cache found for "fmriprep_25_0_wf.sub_GEO047_wf.bold_ses_t2_task_image_run_2_wf.bold_std_wf.gen_ref".
250604-17:14:38,486 nipype.workflow INFO:
	 [Node] Setting-up "fmriprep_25_0_wf.sub_GEO047_wf.bold_ses_t2_task_image_run_3_wf.bold_fit_wf.ds_boldreg_wf.sources" in "/work/fmriprep_25_0_wf/sub_GEO047_wf/bold_ses_t2_task_image_run_3_wf/bold_fit_wf/ds_boldreg_wf/sources".
250604-17:14:38,486 nipype.workflow INFO:
	 [Node] Outdated cache found for "fmriprep_25_0_wf.sub_GEO047_wf.bold_ses_t2_task_image_run_3_wf.bold_fit_wf.ds_boldreg_wf.sources".
250604-17:14:38,514 nipype.workflow INFO:
	 [Node] Setting-up "fmriprep_25_0_wf.sub_GEO047_wf.bold_ses_t2_task_image_run_3_wf.bold_std_wf.gen_ref" in "/work/fmriprep_25_0_wf/sub_GEO047_wf/bold_ses_t2_task_image_run_3_wf/bold_std_wf/_in_tuple_MNI152NLin2009cAsym.resnative/gen_ref".
250604-17:14:38,515 nipype.workflow INFO:
	 [Node] Outdated cache found for "fmriprep_25_0_wf.sub_GEO047_wf.bold_ses_t2_task_image_run_3_wf.bold_std_wf.gen_ref".
250604-17:14:39,914 nipype.workflow INFO:
	 [Node] Executing "gen_ref" <niworkflows.interfaces.nibabel.GenerateSamplingReference>
250604-17:14:39,917 nipype.workflow INFO:
	 [Node] Executing "sources" <fmriprep.interfaces.bids.BIDSURI>
250604-17:14:39,919 nipype.workflow INFO:
	 [Node] Finished "sources", elapsed time 0.000632s.
250604-17:14:40,54 nipype.workflow INFO:
	 [Node] Executing "gen_ref" <niworkflows.interfaces.nibabel.GenerateSamplingReference>
250604-17:14:40,148 nipype.workflow INFO:
	 [Node] Setting-up "fmriprep_25_0_wf.sub_GEO047_wf.bold_ses_t2_task_image_run_2_wf.bold_fit_wf.ds_boldreg_wf.sources" in "/work/fmriprep_25_0_wf/sub_GEO047_wf/bold_ses_t2_task_image_run_2_wf/bold_fit_wf/ds_boldreg_wf/sources".
250604-17:14:40,149 nipype.workflow INFO:
	 [Node] Outdated cache found for "fmriprep_25_0_wf.sub_GEO047_wf.bold_ses_t2_task_image_run_2_wf.bold_fit_wf.ds_boldreg_wf.sources".
250604-17:14:40,210 nipype.workflow INFO:
	 [Node] Executing "sources" <fmriprep.interfaces.bids.BIDSURI>
250604-17:14:40,215 nipype.workflow INFO:
	 [Node] Finished "sources", elapsed time 0.001734s.
250604-17:14:40,273 nipype.workflow INFO:
	 [Node] Executing "gen_ref" <niworkflows.interfaces.nibabel.GenerateSamplingReference>
250604-17:14:40,387 nipype.workflow INFO:
	 [Node] Setting-up "fmriprep_25_0_wf.sub_GEO047_wf.bold_ses_t2_task_image_run_4_wf.bold_fit_wf.ds_boldreg_wf.sources" in "/work/fmriprep_25_0_wf/sub_GEO047_wf/bold_ses_t2_task_image_run_4_wf/bold_fit_wf/ds_boldreg_wf/sources".
250604-17:14:40,387 nipype.workflow INFO:
	 [Node] Outdated cache found for "fmriprep_25_0_wf.sub_GEO047_wf.bold_ses_t2_task_image_run_4_wf.bold_fit_wf.ds_boldreg_wf.sources".
250604-17:14:40,466 nipype.workflow INFO:
	 [Node] Setting-up "fmriprep_25_0_wf.sub_GEO047_wf.bold_ses_t2_task_image_run_4_wf.bold_std_wf.gen_ref" in "/work/fmriprep_25_0_wf/sub_GEO047_wf/bold_ses_t2_task_image_run_4_wf/bold_std_wf/_in_tuple_MNI152NLin2009cAsym.resnative/gen_ref".
250604-17:14:40,467 nipype.workflow INFO:
	 [Node] Outdated cache found for "fmriprep_25_0_wf.sub_GEO047_wf.bold_ses_t2_task_image_run_4_wf.bold_std_wf.gen_ref".
250604-17:14:41,660 nipype.workflow INFO:
	 [Node] Finished "gen_ref", elapsed time 1.59947s.
250604-17:14:41,672 nipype.workflow INFO:
	 [Node] Finished "gen_ref", elapsed time 1.7563s.
250604-17:14:41,687 nipype.workflow INFO:
	 [Node] Finished "gen_ref", elapsed time 1.413057s.
250604-17:14:41,945 nipype.workflow INFO:
	 [Node] Executing "sources" <fmriprep.interfaces.bids.BIDSURI>
250604-17:14:41,949 nipype.workflow INFO:
	 [Node] Finished "sources", elapsed time 0.002739s.
250604-17:14:42,106 nipype.workflow INFO:
	 [Node] Executing "sources" <fmriprep.interfaces.bids.BIDSURI>
250604-17:14:42,106 nipype.workflow INFO:
	 [Node] Executing "gen_ref" <niworkflows.interfaces.nibabel.GenerateSamplingReference>
250604-17:14:42,109 nipype.workflow INFO:
	 [Node] Finished "sources", elapsed time 0.000844s.
250604-17:14:42,471 nipype.workflow INFO:
	 [Node] Setting-up "fmriprep_25_0_wf.sub_GEO047_wf.bold_ses_t2_task_image_run_5_wf.bold_fit_wf.ds_boldreg_wf.sources" in "/work/fmriprep_25_0_wf/sub_GEO047_wf/bold_ses_t2_task_image_run_5_wf/bold_fit_wf/ds_boldreg_wf/sources".
250604-17:14:42,472 nipype.workflow INFO:
	 [Node] Outdated cache found for "fmriprep_25_0_wf.sub_GEO047_wf.bold_ses_t2_task_image_run_5_wf.bold_fit_wf.ds_boldreg_wf.sources".
250604-17:14:42,488 nipype.workflow INFO:
	 [Node] Setting-up "fmriprep_25_0_wf.sub_GEO047_wf.bold_ses_t2_task_image_run_5_wf.bold_std_wf.gen_ref" in "/work/fmriprep_25_0_wf/sub_GEO047_wf/bold_ses_t2_task_image_run_5_wf/bold_std_wf/_in_tuple_MNI152NLin2009cAsym.resnative/gen_ref".
250604-17:14:42,488 nipype.workflow INFO:
	 [Node] Outdated cache found for "fmriprep_25_0_wf.sub_GEO047_wf.bold_ses_t2_task_image_run_5_wf.bold_std_wf.gen_ref".
250604-17:14:43,395 nipype.workflow INFO:
	 [Node] Finished "gen_ref", elapsed time 1.287979s.
250604-17:14:44,741 nipype.workflow INFO:
	 [Node] Executing "sources" <fmriprep.interfaces.bids.BIDSURI>
250604-17:14:44,743 nipype.workflow INFO:
	 [Node] Finished "sources", elapsed time 0.000791s.
250604-17:14:45,98 nipype.workflow INFO:
	 [Node] Executing "gen_ref" <niworkflows.interfaces.nibabel.GenerateSamplingReference>
250604-17:14:45,982 nipype.workflow INFO:
	 [Node] Finished "gen_ref", elapsed time 0.883524s.
250604-17:14:48,526 nipype.workflow INFO:
	 [Node] Setting-up "fmriprep_25_0_wf.sub_GEO047_wf.bold_ses_t2_task_image_run_1_wf.bold_native_wf.boldref_bold" in "/work/fmriprep_25_0_wf/sub_GEO047_wf/bold_ses_t2_task_image_run_1_wf/bold_native_wf/boldref_bold".
250604-17:14:48,527 nipype.workflow INFO:
	 [Node] Outdated cache found for "fmriprep_25_0_wf.sub_GEO047_wf.bold_ses_t2_task_image_run_1_wf.bold_native_wf.boldref_bold".
250604-17:14:50,173 nipype.workflow INFO:
	 [Node] Executing "boldref_bold" <fmriprep.interfaces.resampling.ResampleSeries>
250604-17:15:29,679 nipype.workflow INFO:
	 [Node] Finished "boldref_bold", elapsed time 39.504428s.
250604-17:15:30,434 nipype.workflow INFO:
	 [Node] Setting-up "fmriprep_25_0_wf.sub_GEO047_wf.bold_ses_t2_task_image_run_2_wf.bold_native_wf.boldref_bold" in "/work/fmriprep_25_0_wf/sub_GEO047_wf/bold_ses_t2_task_image_run_2_wf/bold_native_wf/boldref_bold".
250604-17:15:30,435 nipype.workflow INFO:
	 [Node] Outdated cache found for "fmriprep_25_0_wf.sub_GEO047_wf.bold_ses_t2_task_image_run_2_wf.bold_native_wf.boldref_bold".
250604-17:15:31,916 nipype.workflow INFO:
	 [Node] Executing "boldref_bold" <fmriprep.interfaces.resampling.ResampleSeries>
250604-17:15:42,938 nipype.interface WARNING:
	 Changing /out/sub-GEO047/ses-t2/func/sub-GEO047_ses-t2_task-image_run-1_desc-brain_mask.nii.gz dtype from float32 to uint8
250604-17:15:46,529 nipype.interface WARNING:
	 Changing /out/sub-GEO047/ses-t2/func/sub-GEO047_ses-t2_task-image_run-2_desc-brain_mask.nii.gz dtype from float32 to uint8
250604-17:15:49,488 nipype.interface WARNING:
	 Changing /out/sub-GEO047/ses-t2/func/sub-GEO047_ses-t2_task-image_run-3_desc-brain_mask.nii.gz dtype from float32 to uint8
250604-17:15:53,573 nipype.interface WARNING:
	 Changing /out/sub-GEO047/ses-t2/func/sub-GEO047_ses-t2_task-image_run-4_desc-brain_mask.nii.gz dtype from float32 to uint8
250604-17:15:56,587 nipype.interface WARNING:
	 Changing /out/sub-GEO047/ses-t2/func/sub-GEO047_ses-t2_task-image_run-5_desc-brain_mask.nii.gz dtype from float32 to uint8
250604-17:15:57,162 nipype.workflow INFO:
	 [Node] Setting-up "fmriprep_25_0_wf.sub_GEO047_wf.bold_ses_t2_task_image_run_1_wf.bold_confounds_wf.dvars" in "/work/fmriprep_25_0_wf/sub_GEO047_wf/bold_ses_t2_task_image_run_1_wf/bold_confounds_wf/dvars".
250604-17:15:57,163 nipype.workflow INFO:
	 [Node] Outdated cache found for "fmriprep_25_0_wf.sub_GEO047_wf.bold_ses_t2_task_image_run_1_wf.bold_confounds_wf.dvars".
250604-17:15:58,876 nipype.workflow INFO:
	 [Node] Executing "dvars" <nipype.algorithms.confounds.ComputeDVARS>
250604-17:16:11,365 nipype.workflow INFO:
	 [Node] Finished "boldref_bold", elapsed time 39.447859s.
250604-17:16:13,603 nipype.workflow INFO:
	 [Node] Setting-up "fmriprep_25_0_wf.sub_GEO047_wf.bold_ses_t2_task_image_run_3_wf.bold_native_wf.boldref_bold" in "/work/fmriprep_25_0_wf/sub_GEO047_wf/bold_ses_t2_task_image_run_3_wf/bold_native_wf/boldref_bold".
250604-17:16:13,604 nipype.workflow INFO:
	 [Node] Outdated cache found for "fmriprep_25_0_wf.sub_GEO047_wf.bold_ses_t2_task_image_run_3_wf.bold_native_wf.boldref_bold".
250604-17:16:16,37 nipype.workflow INFO:
	 [Node] Executing "boldref_bold" <fmriprep.interfaces.resampling.ResampleSeries>
250604-17:16:18,598 nipype.workflow INFO:
	 [Node] Finished "dvars", elapsed time 19.720626s.
250604-17:16:19,564 nipype.workflow INFO:
	 [Node] Setting-up "fmriprep_25_0_wf.sub_GEO047_wf.bold_ses_t2_task_image_run_1_wf.bold_confounds_wf.tcompcor" in "/work/fmriprep_25_0_wf/sub_GEO047_wf/bold_ses_t2_task_image_run_1_wf/bold_confounds_wf/tcompcor".
250604-17:16:19,570 nipype.workflow INFO:
	 [Node] Outdated cache found for "fmriprep_25_0_wf.sub_GEO047_wf.bold_ses_t2_task_image_run_1_wf.bold_confounds_wf.tcompcor".
250604-17:16:21,493 nipype.workflow INFO:
	 [Node] Executing "tcompcor" <niworkflows.interfaces.patches.RobustTCompCor>
250604-17:16:32,299 nipype.workflow INFO:
	 [Node] Finished "tcompcor", elapsed time 10.804679s.
250604-17:16:33,419 nipype.workflow INFO:
	 [Node] Setting-up "fmriprep_25_0_wf.sub_GEO047_wf.bold_ses_t2_task_image_run_2_wf.bold_confounds_wf.dvars" in "/work/fmriprep_25_0_wf/sub_GEO047_wf/bold_ses_t2_task_image_run_2_wf/bold_confounds_wf/dvars".
250604-17:16:33,420 nipype.workflow INFO:
	 [Node] Outdated cache found for "fmriprep_25_0_wf.sub_GEO047_wf.bold_ses_t2_task_image_run_2_wf.bold_confounds_wf.dvars".
250604-17:16:34,536 nipype.workflow INFO:
	 [Node] Executing "dvars" <nipype.algorithms.confounds.ComputeDVARS>
250604-17:16:54,157 nipype.workflow INFO:
	 [Node] Finished "boldref_bold", elapsed time 38.11853s.
250604-17:16:54,606 nipype.workflow INFO:
	 [Node] Finished "dvars", elapsed time 20.068356s.
250604-17:16:55,549 nipype.workflow INFO:
	 [Node] Setting-up "fmriprep_25_0_wf.sub_GEO047_wf.bold_ses_t2_task_image_run_4_wf.bold_native_wf.boldref_bold" in "/work/fmriprep_25_0_wf/sub_GEO047_wf/bold_ses_t2_task_image_run_4_wf/bold_native_wf/boldref_bold".
250604-17:16:55,550 nipype.workflow INFO:
	 [Node] Outdated cache found for "fmriprep_25_0_wf.sub_GEO047_wf.bold_ses_t2_task_image_run_4_wf.bold_native_wf.boldref_bold".
250604-17:16:55,610 nipype.workflow INFO:
	 [Node] Setting-up "fmriprep_25_0_wf.sub_GEO047_wf.bold_ses_t2_task_image_run_2_wf.bold_confounds_wf.tcompcor" in "/work/fmriprep_25_0_wf/sub_GEO047_wf/bold_ses_t2_task_image_run_2_wf/bold_confounds_wf/tcompcor".
250604-17:16:55,611 nipype.workflow INFO:
	 [Node] Outdated cache found for "fmriprep_25_0_wf.sub_GEO047_wf.bold_ses_t2_task_image_run_2_wf.bold_confounds_wf.tcompcor".
250604-17:16:57,412 nipype.workflow INFO:
	 [Node] Executing "boldref_bold" <fmriprep.interfaces.resampling.ResampleSeries>
250604-17:16:57,468 nipype.workflow INFO:
	 [Node] Executing "tcompcor" <niworkflows.interfaces.patches.RobustTCompCor>
250604-17:17:08,446 nipype.workflow INFO:
	 [Node] Finished "tcompcor", elapsed time 10.976256s.
250604-17:17:09,440 nipype.workflow INFO:
	 [Node] Setting-up "fmriprep_25_0_wf.sub_GEO047_wf.bold_ses_t2_task_image_run_3_wf.bold_confounds_wf.dvars" in "/work/fmriprep_25_0_wf/sub_GEO047_wf/bold_ses_t2_task_image_run_3_wf/bold_confounds_wf/dvars".
250604-17:17:09,442 nipype.workflow INFO:
	 [Node] Outdated cache found for "fmriprep_25_0_wf.sub_GEO047_wf.bold_ses_t2_task_image_run_3_wf.bold_confounds_wf.dvars".
250604-17:17:11,569 nipype.workflow INFO:
	 [Node] Executing "dvars" <nipype.algorithms.confounds.ComputeDVARS>
250604-17:17:31,596 nipype.workflow INFO:
	 [Node] Finished "dvars", elapsed time 20.026361s.
250604-17:17:33,442 nipype.workflow INFO:
	 [Node] Setting-up "fmriprep_25_0_wf.sub_GEO047_wf.bold_ses_t2_task_image_run_3_wf.bold_confounds_wf.tcompcor" in "/work/fmriprep_25_0_wf/sub_GEO047_wf/bold_ses_t2_task_image_run_3_wf/bold_confounds_wf/tcompcor".
250604-17:17:33,443 nipype.workflow INFO:
	 [Node] Outdated cache found for "fmriprep_25_0_wf.sub_GEO047_wf.bold_ses_t2_task_image_run_3_wf.bold_confounds_wf.tcompcor".
250604-17:17:35,541 nipype.workflow INFO:
	 [Node] Executing "tcompcor" <niworkflows.interfaces.patches.RobustTCompCor>
250604-17:17:35,581 nipype.workflow INFO:
	 [Node] Finished "boldref_bold", elapsed time 38.165076s.
250604-17:17:37,509 nipype.workflow INFO:
	 [Node] Setting-up "fmriprep_25_0_wf.sub_GEO047_wf.bold_ses_t2_task_image_run_5_wf.bold_native_wf.boldref_bold" in "/work/fmriprep_25_0_wf/sub_GEO047_wf/bold_ses_t2_task_image_run_5_wf/bold_native_wf/boldref_bold".
250604-17:17:37,510 nipype.workflow INFO:
	 [Node] Outdated cache found for "fmriprep_25_0_wf.sub_GEO047_wf.bold_ses_t2_task_image_run_5_wf.bold_native_wf.boldref_bold".
250604-17:17:39,698 nipype.workflow INFO:
	 [Node] Executing "boldref_bold" <fmriprep.interfaces.resampling.ResampleSeries>
250604-17:17:45,963 nipype.workflow INFO:
	 [Node] Finished "tcompcor", elapsed time 10.419888s.
250604-17:17:47,472 nipype.workflow INFO:
	 [Node] Setting-up "fmriprep_25_0_wf.sub_GEO047_wf.bold_ses_t2_task_image_run_4_wf.bold_confounds_wf.dvars" in "/work/fmriprep_25_0_wf/sub_GEO047_wf/bold_ses_t2_task_image_run_4_wf/bold_confounds_wf/dvars".
250604-17:17:47,474 nipype.workflow INFO:
	 [Node] Outdated cache found for "fmriprep_25_0_wf.sub_GEO047_wf.bold_ses_t2_task_image_run_4_wf.bold_confounds_wf.dvars".
250604-17:17:48,697 nipype.workflow INFO:
	 [Node] Executing "dvars" <nipype.algorithms.confounds.ComputeDVARS>
250604-17:18:09,73 nipype.workflow INFO:
	 [Node] Finished "dvars", elapsed time 20.373815s.
250604-17:18:09,440 nipype.workflow INFO:
	 [Node] Setting-up "fmriprep_25_0_wf.sub_GEO047_wf.bold_ses_t2_task_image_run_4_wf.bold_confounds_wf.tcompcor" in "/work/fmriprep_25_0_wf/sub_GEO047_wf/bold_ses_t2_task_image_run_4_wf/bold_confounds_wf/tcompcor".
250604-17:18:09,441 nipype.workflow INFO:
	 [Node] Outdated cache found for "fmriprep_25_0_wf.sub_GEO047_wf.bold_ses_t2_task_image_run_4_wf.bold_confounds_wf.tcompcor".
250604-17:18:10,768 nipype.workflow INFO:
	 [Node] Executing "tcompcor" <niworkflows.interfaces.patches.RobustTCompCor>
250604-17:18:18,510 nipype.workflow INFO:
	 [Node] Finished "boldref_bold", elapsed time 38.810412s.
250604-17:18:21,512 nipype.workflow INFO:
	 [Node] Finished "tcompcor", elapsed time 10.741367s.
250604-17:18:24,7 nipype.workflow INFO:
	 [Node] Setting-up "fmriprep_25_0_wf.sub_GEO047_wf.bold_ses_t2_task_image_run_1_wf.bold_confounds_wf.tcc_metadata_filter" in "/work/fmriprep_25_0_wf/sub_GEO047_wf/bold_ses_t2_task_image_run_1_wf/bold_confounds_wf/tcc_metadata_filter".
250604-17:18:24,8 nipype.workflow INFO:
	 [Node] Outdated cache found for "fmriprep_25_0_wf.sub_GEO047_wf.bold_ses_t2_task_image_run_1_wf.bold_confounds_wf.tcc_metadata_filter".
250604-17:18:26,758 nipype.workflow INFO:
	 [Node] Executing "tcc_metadata_filter" <fmriprep.interfaces.confounds.FilterDropped>
250604-17:18:26,848 nipype.workflow INFO:
	 [Node] Finished "tcc_metadata_filter", elapsed time 0.088752s.
250604-17:18:28,405 nipype.workflow INFO:
	 [Node] Setting-up "fmriprep_25_0_wf.sub_GEO047_wf.bold_ses_t2_task_image_run_2_wf.bold_confounds_wf.tcc_metadata_filter" in "/work/fmriprep_25_0_wf/sub_GEO047_wf/bold_ses_t2_task_image_run_2_wf/bold_confounds_wf/tcc_metadata_filter".
250604-17:18:28,405 nipype.workflow INFO:
	 [Node] Outdated cache found for "fmriprep_25_0_wf.sub_GEO047_wf.bold_ses_t2_task_image_run_2_wf.bold_confounds_wf.tcc_metadata_filter".
250604-17:18:29,498 nipype.workflow INFO:
	 [Node] Executing "tcc_metadata_filter" <fmriprep.interfaces.confounds.FilterDropped>
250604-17:18:29,553 nipype.workflow INFO:
	 [Node] Finished "tcc_metadata_filter", elapsed time 0.053395s.
250604-17:18:31,552 nipype.workflow INFO:
	 [Node] Setting-up "fmriprep_25_0_wf.sub_GEO047_wf.bold_ses_t2_task_image_run_3_wf.bold_confounds_wf.tcc_metadata_filter" in "/work/fmriprep_25_0_wf/sub_GEO047_wf/bold_ses_t2_task_image_run_3_wf/bold_confounds_wf/tcc_metadata_filter".
250604-17:18:31,553 nipype.workflow INFO:
	 [Node] Outdated cache found for "fmriprep_25_0_wf.sub_GEO047_wf.bold_ses_t2_task_image_run_3_wf.bold_confounds_wf.tcc_metadata_filter".
250604-17:18:33,825 nipype.workflow INFO:
	 [Node] Executing "tcc_metadata_filter" <fmriprep.interfaces.confounds.FilterDropped>
250604-17:18:34,83 nipype.workflow INFO:
	 [Node] Finished "tcc_metadata_filter", elapsed time 0.257159s.
250604-17:18:36,532 nipype.workflow INFO:
	 [Node] Setting-up "fmriprep_25_0_wf.sub_GEO047_wf.bold_ses_t2_task_image_run_5_wf.bold_confounds_wf.dvars" in "/work/fmriprep_25_0_wf/sub_GEO047_wf/bold_ses_t2_task_image_run_5_wf/bold_confounds_wf/dvars".
250604-17:18:36,533 nipype.workflow INFO:
	 [Node] Outdated cache found for "fmriprep_25_0_wf.sub_GEO047_wf.bold_ses_t2_task_image_run_5_wf.bold_confounds_wf.dvars".
250604-17:18:36,545 nipype.workflow INFO:
	 [Node] Setting-up "fmriprep_25_0_wf.sub_GEO047_wf.bold_ses_t2_task_image_run_4_wf.bold_confounds_wf.tcc_metadata_filter" in "/work/fmriprep_25_0_wf/sub_GEO047_wf/bold_ses_t2_task_image_run_4_wf/bold_confounds_wf/tcc_metadata_filter".
250604-17:18:36,547 nipype.workflow INFO:
	 [Node] Outdated cache found for "fmriprep_25_0_wf.sub_GEO047_wf.bold_ses_t2_task_image_run_4_wf.bold_confounds_wf.tcc_metadata_filter".
250604-17:18:36,566 nipype.workflow INFO:
	 [Node] Setting-up "fmriprep_25_0_wf.sub_GEO047_wf.bold_ses_t2_task_image_run_1_wf.bold_confounds_wf.tcc_metadata_fmt" in "/work/fmriprep_25_0_wf/sub_GEO047_wf/bold_ses_t2_task_image_run_1_wf/bold_confounds_wf/tcc_metadata_fmt".
250604-17:18:36,567 nipype.workflow INFO:
	 [Node] Outdated cache found for "fmriprep_25_0_wf.sub_GEO047_wf.bold_ses_t2_task_image_run_1_wf.bold_confounds_wf.tcc_metadata_fmt".
250604-17:18:36,577 nipype.workflow INFO:
	 [Node] Setting-up "fmriprep_25_0_wf.sub_GEO047_wf.bold_ses_t2_task_image_run_2_wf.bold_confounds_wf.tcc_metadata_fmt" in "/work/fmriprep_25_0_wf/sub_GEO047_wf/bold_ses_t2_task_image_run_2_wf/bold_confounds_wf/tcc_metadata_fmt".
250604-17:18:36,578 nipype.workflow INFO:
	 [Node] Outdated cache found for "fmriprep_25_0_wf.sub_GEO047_wf.bold_ses_t2_task_image_run_2_wf.bold_confounds_wf.tcc_metadata_fmt".
250604-17:18:36,589 nipype.workflow INFO:
	 [Node] Setting-up "fmriprep_25_0_wf.sub_GEO047_wf.bold_ses_t2_task_image_run_3_wf.bold_confounds_wf.tcc_metadata_fmt" in "/work/fmriprep_25_0_wf/sub_GEO047_wf/bold_ses_t2_task_image_run_3_wf/bold_confounds_wf/tcc_metadata_fmt".
250604-17:18:36,589 nipype.workflow INFO:
	 [Node] Outdated cache found for "fmriprep_25_0_wf.sub_GEO047_wf.bold_ses_t2_task_image_run_3_wf.bold_confounds_wf.tcc_metadata_fmt".
250604-17:18:37,823 nipype.workflow INFO:
	 [Node] Executing "tcc_metadata_filter" <fmriprep.interfaces.confounds.FilterDropped>
250604-17:18:37,857 nipype.workflow INFO:
	 [Node] Executing "tcc_metadata_fmt" <niworkflows.interfaces.utility.TSV2JSON>
250604-17:18:37,858 nipype.workflow INFO:
	 [Node] Executing "tcc_metadata_fmt" <niworkflows.interfaces.utility.TSV2JSON>
250604-17:18:37,879 nipype.workflow INFO:
	 [Node] Executing "dvars" <nipype.algorithms.confounds.ComputeDVARS>
250604-17:18:37,881 nipype.workflow INFO:
	 [Node] Executing "tcc_metadata_fmt" <niworkflows.interfaces.utility.TSV2JSON>
250604-17:18:37,892 nipype.workflow INFO:
	 [Node] Finished "tcc_metadata_fmt", elapsed time 0.010166s.
250604-17:18:37,896 nipype.workflow INFO:
	 [Node] Finished "tcc_metadata_fmt", elapsed time 0.037267s.
250604-17:18:37,896 nipype.workflow INFO:
	 [Node] Finished "tcc_metadata_fmt", elapsed time 0.038687s.
250604-17:18:37,927 nipype.workflow INFO:
	 [Node] Finished "tcc_metadata_filter", elapsed time 0.102829s.
250604-17:18:38,516 nipype.workflow INFO:
	 [Node] Setting-up "fmriprep_25_0_wf.sub_GEO047_wf.bold_ses_t2_task_image_run_4_wf.bold_confounds_wf.tcc_metadata_fmt" in "/work/fmriprep_25_0_wf/sub_GEO047_wf/bold_ses_t2_task_image_run_4_wf/bold_confounds_wf/tcc_metadata_fmt".
250604-17:18:38,533 nipype.workflow INFO:
	 [Node] Outdated cache found for "fmriprep_25_0_wf.sub_GEO047_wf.bold_ses_t2_task_image_run_4_wf.bold_confounds_wf.tcc_metadata_fmt".
250604-17:18:39,508 nipype.workflow INFO:
	 [Node] Executing "tcc_metadata_fmt" <niworkflows.interfaces.utility.TSV2JSON>
250604-17:18:39,516 nipype.workflow INFO:
	 [Node] Finished "tcc_metadata_fmt", elapsed time 0.006523s.
250604-17:18:57,591 nipype.workflow INFO:
	 [Node] Finished "dvars", elapsed time 19.710027s.
250604-17:18:58,549 nipype.workflow INFO:
	 [Node] Setting-up "fmriprep_25_0_wf.sub_GEO047_wf.bold_ses_t2_task_image_run_5_wf.bold_confounds_wf.tcompcor" in "/work/fmriprep_25_0_wf/sub_GEO047_wf/bold_ses_t2_task_image_run_5_wf/bold_confounds_wf/tcompcor".
250604-17:18:58,550 nipype.workflow INFO:
	 [Node] Outdated cache found for "fmriprep_25_0_wf.sub_GEO047_wf.bold_ses_t2_task_image_run_5_wf.bold_confounds_wf.tcompcor".
250604-17:19:00,323 nipype.workflow INFO:
	 [Node] Executing "tcompcor" <niworkflows.interfaces.patches.RobustTCompCor>
250604-17:19:11,317 nipype.workflow INFO:
	 [Node] Finished "tcompcor", elapsed time 10.984202s.
250604-17:19:12,301 nipype.workflow INFO:
	 [Node] Setting-up "fmriprep_25_0_wf.sub_GEO047_wf.bold_ses_t2_task_image_run_5_wf.bold_confounds_wf.tcc_metadata_filter" in "/work/fmriprep_25_0_wf/sub_GEO047_wf/bold_ses_t2_task_image_run_5_wf/bold_confounds_wf/tcc_metadata_filter".
250604-17:19:12,302 nipype.workflow INFO:
	 [Node] Outdated cache found for "fmriprep_25_0_wf.sub_GEO047_wf.bold_ses_t2_task_image_run_5_wf.bold_confounds_wf.tcc_metadata_filter".
250604-17:19:14,272 nipype.workflow INFO:
	 [Node] Executing "tcc_metadata_filter" <fmriprep.interfaces.confounds.FilterDropped>
250604-17:19:14,297 nipype.workflow INFO:
	 [Node] Finished "tcc_metadata_filter", elapsed time 0.023829s.
250604-17:19:16,307 nipype.workflow INFO:
	 [Node] Setting-up "fmriprep_25_0_wf.sub_GEO047_wf.bold_ses_t2_task_image_run_5_wf.bold_confounds_wf.tcc_metadata_fmt" in "/work/fmriprep_25_0_wf/sub_GEO047_wf/bold_ses_t2_task_image_run_5_wf/bold_confounds_wf/tcc_metadata_fmt".
250604-17:19:16,308 nipype.workflow INFO:
	 [Node] Outdated cache found for "fmriprep_25_0_wf.sub_GEO047_wf.bold_ses_t2_task_image_run_5_wf.bold_confounds_wf.tcc_metadata_fmt".
250604-17:19:17,286 nipype.workflow INFO:
	 [Node] Executing "tcc_metadata_fmt" <niworkflows.interfaces.utility.TSV2JSON>
250604-17:19:17,293 nipype.workflow INFO:
	 [Node] Finished "tcc_metadata_fmt", elapsed time 0.005797s.
250604-17:19:20,94 nipype.workflow ERROR:
	 could not run node: fmriprep_25_0_wf.sub_GEO047_wf.bidssrc
250604-17:19:20,219 nipype.workflow CRITICAL:
	 fMRIPrep failed: Traceback (most recent call last):
  File "/opt/conda/envs/fmriprep/lib/python3.12/site-packages/nipype/pipeline/plugins/multiproc.py", line 66, in run_node
    result["result"] = node.run(updatehash=updatehash)
                       ^^^^^^^^^^^^^^^^^^^^^^^^^^^^^^^
  File "/opt/conda/envs/fmriprep/lib/python3.12/site-packages/nipype/pipeline/engine/nodes.py", line 525, in run
    result = self._run_interface(execute=True)
             ^^^^^^^^^^^^^^^^^^^^^^^^^^^^^^^^^
  File "/opt/conda/envs/fmriprep/lib/python3.12/site-packages/nipype/pipeline/engine/nodes.py", line 643, in _run_interface
    return self._run_command(execute)
           ^^^^^^^^^^^^^^^^^^^^^^^^^^
  File "/opt/conda/envs/fmriprep/lib/python3.12/site-packages/nipype/pipeline/engine/nodes.py", line 769, in _run_command
    raise NodeExecutionError(msg)
nipype.pipeline.engine.nodes.NodeExecutionError: Exception raised while executing Node bidssrc.

Traceback:
	Traceback (most recent call last):
	  File "/opt/conda/envs/fmriprep/lib/python3.12/site-packages/nipype/interfaces/base/core.py", line 401, in run
	    runtime = self._run_interface(runtime)
	              ^^^^^^^^^^^^^^^^^^^^^^^^^^^^
	  File "/opt/conda/envs/fmriprep/lib/python3.12/site-packages/niworkflows/interfaces/bids.py", line 283, in _run_interface
	    raise FileNotFoundError(
	FileNotFoundError: No T1w images found for subject sub-GEO047


