You are using fMRIPrep-25.0.0, and a newer version of fMRIPrep is available: 25.1.1.
Please check out our documentation about how and when to upgrade:
https://fmriprep.readthedocs.io/en/latest/faq.html#upgrading
Process Process-2:
Traceback (most recent call last):
  File "/opt/conda/envs/fmriprep/lib/python3.12/multiprocessing/process.py", line 314, in _bootstrap
    self.run()
  File "/opt/conda/envs/fmriprep/lib/python3.12/multiprocessing/process.py", line 108, in run
    self._target(*self._args, **self._kwargs)
  File "/opt/conda/envs/fmriprep/lib/python3.12/site-packages/fmriprep/cli/workflow.py", line 126, in build_workflow
    retval['workflow'] = init_fmriprep_wf()
                         ^^^^^^^^^^^^^^^^^^
  File "/opt/conda/envs/fmriprep/lib/python3.12/site-packages/fmriprep/workflows/base.py", line 95, in init_fmriprep_wf
    single_subject_wf = init_single_subject_wf(subject_id)
                        ^^^^^^^^^^^^^^^^^^^^^^^^^^^^^^^^^^
  File "/opt/conda/envs/fmriprep/lib/python3.12/site-packages/fmriprep/workflows/base.py", line 767, in init_single_subject_wf
    bold_wf = init_bold_wf(
              ^^^^^^^^^^^^^
  File "/opt/conda/envs/fmriprep/lib/python3.12/site-packages/fmriprep/workflows/bold/base.py", line 253, in init_bold_wf
    bold_fit_wf = init_bold_fit_wf(
                  ^^^^^^^^^^^^^^^^^
  File "/opt/conda/envs/fmriprep/lib/python3.12/site-packages/fmriprep/workflows/bold/fit.py", line 213, in init_bold_fit_wf
    sbref_files = get_sbrefs(
                  ^^^^^^^^^^^
  File "/opt/conda/envs/fmriprep/lib/python3.12/site-packages/fmriprep/workflows/bold/fit.py", line 90, in get_sbrefs
    layout.get(return_type='file', **entities),
    ^^^^^^^^^^^^^^^^^^^^^^^^^^^^^^^^^^^^^^^^^^
  File "/opt/conda/envs/fmriprep/lib/python3.12/site-packages/bids/layout/layout.py", line 687, in get
    raise ValueError(msg + "If you're sure you want to impose "
ValueError: 'desc' is not a recognized entity. If you're sure you want to impose this constraint, set invalid_filters='allow'.
srun: error: cls01: task 0: Exited with exit code 1
