You are using fMRIPrep-25.0.0, and a newer version of fMRIPrep is available: 25.1.1.
Please check out our documentation about how and when to upgrade:
https://fmriprep.readthedocs.io/en/latest/faq.html#upgrading
usage: fmriprep [-h] [--skip_bids_validation]
                [--participant-label PARTICIPANT_LABEL [PARTICIPANT_LABEL ...]]
                [-t TASK_ID] [--echo-idx ECHO_IDX] [--bids-filter-file FILE]
                [-d PACKAGE=PATH [PACKAGE=PATH ...]]
                [--bids-database-dir PATH] [--nprocs NPROCS]
                [--omp-nthreads OMP_NTHREADS] [--mem MEMORY_MB] [--low-mem]
                [--use-plugin FILE] [--sloppy] [--anat-only]
                [--level {minimal,resampling,full}] [--boilerplate-only]
                [--reports-only]
                [--ignore {fieldmaps,slicetiming,sbref,t2w,flair,fmap-jacobian} [{fieldmaps,slicetiming,sbref,t2w,flair,fmap-jacobian} ...]]
                [--force {bbr,no-bbr,syn-sdc,fmap-jacobian} [{bbr,no-bbr,syn-sdc,fmap-jacobian} ...]]
                [--output-spaces [OUTPUT_SPACES ...]] [--longitudinal]
                [--bold2anat-init {auto,t1w,t2w,header}]
                [--bold2anat-dof {6,9,12}] [--force-bbr FORCE_BBR]
                [--force-no-bbr FORCE_NO_BBR]
                [--slice-time-ref SLICE_TIME_REF] [--dummy-scans DUMMY_SCANS]
                [--random-seed _RANDOM_SEED]
                [--me-t2s-fit-method {curvefit,loglin}]
                [--output-layout {bids,legacy}] [--me-output-echos]
                [--aggregate-session-reports AGGR_SES_REPORTS]
                [--medial-surface-nan] [--project-goodvoxels]
                [--md-only-boilerplate] [--cifti-output [{91k,170k}]]
                [--no-msm] [--return-all-components]
                [--fd-spike-threshold REGRESSORS_FD_TH]
                [--dvars-spike-threshold REGRESSORS_DVARS_TH]
                [--skull-strip-template SKULL_STRIP_TEMPLATE]
                [--skull-strip-fixed-seed]
                [--skull-strip-t1w {auto,skip,force}] [--fmap-bspline]
                [--fmap-no-demean] [--use-syn-sdc [{warn,error}]]
                [--force-syn FORCE_SYN] [--fs-license-file FILE]
                [--fs-subjects-dir PATH] [--no-submm-recon] [--fs-no-reconall]
                [--fs-no-resume] [--track-carbon]
                [--country-code COUNTRY_CODE] [--version] [-v] [-w WORK_DIR]
                [--clean-workdir] [--resource-monitor] [--config-file FILE]
                [--write-graph] [--stop-on-first-crash] [--notrack]
                [--debug {compcor,fieldmaps,pdb,all} [{compcor,fieldmaps,pdb,all} ...]]
                bids_dir output_dir {participant}
fmriprep: error: argument analysis_level: invalid choice: ' ' (choose from 'participant')
srun: error: cls07: task 0: Exited with exit code 2
/var/spool/slurmd/job23757/slurm_script: line 17: --ignore: command not found
