Job started at: Fri Jun  6 15:02:27 EDT 2025
Job ID: 23931
Running on node: cls000
Working directory: /data00/projects/geoscan_v2/scripts/FMRIPREP/jobs
Setting up R environment and installing packages...
Found pkg-config cflags and libs!
Using PKG_CFLAGS=-I/usr/include/x86_64-linux-gnu
Using PKG_LIBS=-lcurl
Curl runtime version 7.58.0 
g++ -std=gnu++17 -I"/usr/share/R/include" -DNDEBUG -I/usr/include/x86_64-linux-gnu -DUSE_ADA_PARSER -DSTRICT_R_HEADERS -DR_NO_REMAP    -fpic  -g -O2 -fdebug-prefix-map=/build/r-base-V28x5H/r-base-3.6.3=. -fstack-protector-strong -Wformat -Werror=format-security -Wdate-time -D_FORTIFY_SOURCE=2 -g  -c ada.cpp -o ada.o
/usr/lib/R/etc/Makeconf:177: recipe for target 'ada.o' failed
Found pkg-config cflags and libs!
Using PKG_CFLAGS=-I/usr/include/freetype2 -I/usr/include/libpng16 -I/usr/include/freetype2 -I/usr/include/libpng16
Using PKG_LIBS=-lfontconfig -lfreetype
rm -f systemfonts.so caches.o cpp11.o dev_metrics.o font_matching.o font_local.o font_registry.o ft_cache.o string_shape.o font_metrics.o font_outlines.o font_fallback.o string_metrics.o emoji.o cache_store.o init.o unix/FontManagerLinux.o
g++ -std=gnu++11 -I"/usr/share/R/include" -DNDEBUG -I/usr/include/freetype2 -I/usr/include/libpng16 -I/usr/include/freetype2 -I/usr/include/libpng16 -I"/usr/local/lib/R/site-library/cpp11/include"   -fpic  -g -O2 -fdebug-prefix-map=/build/r-base-V28x5H/r-base-3.6.3=. -fstack-protector-strong -Wformat -Werror=format-security -Wdate-time -D_FORTIFY_SOURCE=2 -g  -c caches.cpp -o caches.o
g++ -std=gnu++11 -I"/usr/share/R/include" -DNDEBUG -I/usr/include/freetype2 -I/usr/include/libpng16 -I/usr/include/freetype2 -I/usr/include/libpng16 -I"/usr/local/lib/R/site-library/cpp11/include"   -fpic  -g -O2 -fdebug-prefix-map=/build/r-base-V28x5H/r-base-3.6.3=. -fstack-protector-strong -Wformat -Werror=format-security -Wdate-time -D_FORTIFY_SOURCE=2 -g  -c cpp11.cpp -o cpp11.o
g++ -std=gnu++11 -I"/usr/share/R/include" -DNDEBUG -I/usr/include/freetype2 -I/usr/include/libpng16 -I/usr/include/freetype2 -I/usr/include/libpng16 -I"/usr/local/lib/R/site-library/cpp11/include"   -fpic  -g -O2 -fdebug-prefix-map=/build/r-base-V28x5H/r-base-3.6.3=. -fstack-protector-strong -Wformat -Werror=format-security -Wdate-time -D_FORTIFY_SOURCE=2 -g  -c dev_metrics.cpp -o dev_metrics.o
g++ -std=gnu++11 -I"/usr/share/R/include" -DNDEBUG -I/usr/include/freetype2 -I/usr/include/libpng16 -I/usr/include/freetype2 -I/usr/include/libpng16 -I"/usr/local/lib/R/site-library/cpp11/include"   -fpic  -g -O2 -fdebug-prefix-map=/build/r-base-V28x5H/r-base-3.6.3=. -fstack-protector-strong -Wformat -Werror=format-security -Wdate-time -D_FORTIFY_SOURCE=2 -g  -c font_matching.cpp -o font_matching.o
g++ -std=gnu++11 -I"/usr/share/R/include" -DNDEBUG -I/usr/include/freetype2 -I/usr/include/libpng16 -I/usr/include/freetype2 -I/usr/include/libpng16 -I"/usr/local/lib/R/site-library/cpp11/include"   -fpic  -g -O2 -fdebug-prefix-map=/build/r-base-V28x5H/r-base-3.6.3=. -fstack-protector-strong -Wformat -Werror=format-security -Wdate-time -D_FORTIFY_SOURCE=2 -g  -c font_local.cpp -o font_local.o
g++ -std=gnu++11 -I"/usr/share/R/include" -DNDEBUG -I/usr/include/freetype2 -I/usr/include/libpng16 -I/usr/include/freetype2 -I/usr/include/libpng16 -I"/usr/local/lib/R/site-library/cpp11/include"   -fpic  -g -O2 -fdebug-prefix-map=/build/r-base-V28x5H/r-base-3.6.3=. -fstack-protector-strong -Wformat -Werror=format-security -Wdate-time -D_FORTIFY_SOURCE=2 -g  -c font_registry.cpp -o font_registry.o
g++ -std=gnu++11 -I"/usr/share/R/include" -DNDEBUG -I/usr/include/freetype2 -I/usr/include/libpng16 -I/usr/include/freetype2 -I/usr/include/libpng16 -I"/usr/local/lib/R/site-library/cpp11/include"   -fpic  -g -O2 -fdebug-prefix-map=/build/r-base-V28x5H/r-base-3.6.3=. -fstack-protector-strong -Wformat -Werror=format-security -Wdate-time -D_FORTIFY_SOURCE=2 -g  -c ft_cache.cpp -o ft_cache.o
g++ -std=gnu++11 -I"/usr/share/R/include" -DNDEBUG -I/usr/include/freetype2 -I/usr/include/libpng16 -I/usr/include/freetype2 -I/usr/include/libpng16 -I"/usr/local/lib/R/site-library/cpp11/include"   -fpic  -g -O2 -fdebug-prefix-map=/build/r-base-V28x5H/r-base-3.6.3=. -fstack-protector-strong -Wformat -Werror=format-security -Wdate-time -D_FORTIFY_SOURCE=2 -g  -c string_shape.cpp -o string_shape.o
g++ -std=gnu++11 -I"/usr/share/R/include" -DNDEBUG -I/usr/include/freetype2 -I/usr/include/libpng16 -I/usr/include/freetype2 -I/usr/include/libpng16 -I"/usr/local/lib/R/site-library/cpp11/include"   -fpic  -g -O2 -fdebug-prefix-map=/build/r-base-V28x5H/r-base-3.6.3=. -fstack-protector-strong -Wformat -Werror=format-security -Wdate-time -D_FORTIFY_SOURCE=2 -g  -c font_metrics.cpp -o font_metrics.o
g++ -std=gnu++11 -I"/usr/share/R/include" -DNDEBUG -I/usr/include/freetype2 -I/usr/include/libpng16 -I/usr/include/freetype2 -I/usr/include/libpng16 -I"/usr/local/lib/R/site-library/cpp11/include"   -fpic  -g -O2 -fdebug-prefix-map=/build/r-base-V28x5H/r-base-3.6.3=. -fstack-protector-strong -Wformat -Werror=format-security -Wdate-time -D_FORTIFY_SOURCE=2 -g  -c font_outlines.cpp -o font_outlines.o
/usr/lib/R/etc/Makeconf:177: recipe for target 'font_outlines.o' failed
gcc -std=gnu99 -I"/usr/share/R/include" -DNDEBUG     -fpic  -g -O2 -fdebug-prefix-map=/build/r-base-V28x5H/r-base-3.6.3=. -fstack-protector-strong -Wformat -Werror=format-security -Wdate-time -D_FORTIFY_SOURCE=2 -g  -c apply.c -o apply.o
gcc -std=gnu99 -I"/usr/share/R/include" -DNDEBUG     -fpic  -g -O2 -fdebug-prefix-map=/build/r-base-V28x5H/r-base-3.6.3=. -fstack-protector-strong -Wformat -Werror=format-security -Wdate-time -D_FORTIFY_SOURCE=2 -g  -c arrayIndex.c -o arrayIndex.o
gcc -std=gnu99 -I"/usr/share/R/include" -DNDEBUG     -fpic  -g -O2 -fdebug-prefix-map=/build/r-base-V28x5H/r-base-3.6.3=. -fstack-protector-strong -Wformat -Werror=format-security -Wdate-time -D_FORTIFY_SOURCE=2 -g  -c distance.c -o distance.o
gcc -std=gnu99 -I"/usr/share/R/include" -DNDEBUG     -fpic  -g -O2 -fdebug-prefix-map=/build/r-base-V28x5H/r-base-3.6.3=. -fstack-protector-strong -Wformat -Werror=format-security -Wdate-time -D_FORTIFY_SOURCE=2 -g  -c dll.c -o dll.o
gcc -std=gnu99 -I"/usr/share/R/include" -DNDEBUG     -fpic  -g -O2 -fdebug-prefix-map=/build/r-base-V28x5H/r-base-3.6.3=. -fstack-protector-strong -Wformat -Werror=format-security -Wdate-time -D_FORTIFY_SOURCE=2 -g  -c util.c -o util.o
gcc -std=gnu99 -shared -L/usr/lib/R/lib -Wl,-Bsymbolic-functions -Wl,-z,relro -o proxy.so apply.o arrayIndex.o distance.o dll.o util.o -L/usr/lib/R/lib -lR
g++ -std=gnu++11 -I"/usr/share/R/include" -DNDEBUG -I../inst/include/    -fpic  -g -O2 -fdebug-prefix-map=/build/r-base-V28x5H/r-base-3.6.3=. -fstack-protector-strong -Wformat -Werror=format-security -Wdate-time -D_FORTIFY_SOURCE=2 -g  -c api.cpp -o api.o
g++ -std=gnu++11 -I"/usr/share/R/include" -DNDEBUG -I../inst/include/    -fpic  -g -O2 -fdebug-prefix-map=/build/r-base-V28x5H/r-base-3.6.3=. -fstack-protector-strong -Wformat -Werror=format-security -Wdate-time -D_FORTIFY_SOURCE=2 -g  -c attributes.cpp -o attributes.o
g++ -std=gnu++11 -I"/usr/share/R/include" -DNDEBUG -I../inst/include/    -fpic  -g -O2 -fdebug-prefix-map=/build/r-base-V28x5H/r-base-3.6.3=. -fstack-protector-strong -Wformat -Werror=format-security -Wdate-time -D_FORTIFY_SOURCE=2 -g  -c barrier.cpp -o barrier.o
g++ -std=gnu++11 -I"/usr/share/R/include" -DNDEBUG -I../inst/include/    -fpic  -g -O2 -fdebug-prefix-map=/build/r-base-V28x5H/r-base-3.6.3=. -fstack-protector-strong -Wformat -Werror=format-security -Wdate-time -D_FORTIFY_SOURCE=2 -g  -c date.cpp -o date.o
g++ -std=gnu++11 -I"/usr/share/R/include" -DNDEBUG -I../inst/include/    -fpic  -g -O2 -fdebug-prefix-map=/build/r-base-V28x5H/r-base-3.6.3=. -fstack-protector-strong -Wformat -Werror=format-security -Wdate-time -D_FORTIFY_SOURCE=2 -g  -c module.cpp -o module.o
g++ -std=gnu++11 -I"/usr/share/R/include" -DNDEBUG -I../inst/include/    -fpic  -g -O2 -fdebug-prefix-map=/build/r-base-V28x5H/r-base-3.6.3=. -fstack-protector-strong -Wformat -Werror=format-security -Wdate-time -D_FORTIFY_SOURCE=2 -g  -c rcpp_init.cpp -o rcpp_init.o
g++ -std=gnu++11 -shared -L/usr/lib/R/lib -Wl,-Bsymbolic-functions -Wl,-z,relro -o Rcpp.so api.o attributes.o barrier.o date.o module.o rcpp_init.o -L/usr/lib/R/lib -lR
gcc -std=gnu99 -I"/usr/share/R/include" -DNDEBUG     -fpic  -g -O2 -fdebug-prefix-map=/build/r-base-V28x5H/r-base-3.6.3=. -fstack-protector-strong -Wformat -Werror=format-security -Wdate-time -D_FORTIFY_SOURCE=2 -g  -c Rsvm.c -o Rsvm.o
gcc -std=gnu99 -I"/usr/share/R/include" -DNDEBUG     -fpic  -g -O2 -fdebug-prefix-map=/build/r-base-V28x5H/r-base-3.6.3=. -fstack-protector-strong -Wformat -Werror=format-security -Wdate-time -D_FORTIFY_SOURCE=2 -g  -c cmeans.c -o cmeans.o
gcc -std=gnu99 -I"/usr/share/R/include" -DNDEBUG     -fpic  -g -O2 -fdebug-prefix-map=/build/r-base-V28x5H/r-base-3.6.3=. -fstack-protector-strong -Wformat -Werror=format-security -Wdate-time -D_FORTIFY_SOURCE=2 -g  -c cshell.c -o cshell.o
gcc -std=gnu99 -I"/usr/share/R/include" -DNDEBUG     -fpic  -g -O2 -fdebug-prefix-map=/build/r-base-V28x5H/r-base-3.6.3=. -fstack-protector-strong -Wformat -Werror=format-security -Wdate-time -D_FORTIFY_SOURCE=2 -g  -c floyd.c -o floyd.o
gcc -std=gnu99 -I"/usr/share/R/include" -DNDEBUG     -fpic  -g -O2 -fdebug-prefix-map=/build/r-base-V28x5H/r-base-3.6.3=. -fstack-protector-strong -Wformat -Werror=format-security -Wdate-time -D_FORTIFY_SOURCE=2 -g  -c init.c -o init.o
g++ -std=gnu++11 -I"/usr/share/R/include" -DNDEBUG     -fpic  -g -O2 -fdebug-prefix-map=/build/r-base-V28x5H/r-base-3.6.3=. -fstack-protector-strong -Wformat -Werror=format-security -Wdate-time -D_FORTIFY_SOURCE=2 -g  -c svm.cpp -o svm.o
g++ -std=gnu++11 -shared -L/usr/lib/R/lib -Wl,-Bsymbolic-functions -Wl,-z,relro -o e1071.so Rsvm.o cmeans.o cshell.o floyd.o init.o svm.o -L/usr/lib/R/lib -lR
g++ -std=gnu++11 -I"/usr/share/R/include" -DNDEBUG  -I"/home/aresnick@asc.upenn.edu/R/x86_64-pc-linux-gnu-library/3.6/Rcpp/include"   -fpic  -g -O2 -fdebug-prefix-map=/build/r-base-V28x5H/r-base-3.6.3=. -fstack-protector-strong -Wformat -Werror=format-security -Wdate-time -D_FORTIFY_SOURCE=2 -g  -c RcppExports.cpp -o RcppExports.o
g++ -std=gnu++11 -I"/usr/share/R/include" -DNDEBUG  -I"/home/aresnick@asc.upenn.edu/R/x86_64-pc-linux-gnu-library/3.6/Rcpp/include"   -fpic  -g -O2 -fdebug-prefix-map=/build/r-base-V28x5H/r-base-3.6.3=. -fstack-protector-strong -Wformat -Werror=format-security -Wdate-time -D_FORTIFY_SOURCE=2 -g  -c auc_.cpp -o auc_.o
g++ -std=gnu++11 -I"/usr/share/R/include" -DNDEBUG  -I"/home/aresnick@asc.upenn.edu/R/x86_64-pc-linux-gnu-library/3.6/Rcpp/include"   -fpic  -g -O2 -fdebug-prefix-map=/build/r-base-V28x5H/r-base-3.6.3=. -fstack-protector-strong -Wformat -Werror=format-security -Wdate-time -D_FORTIFY_SOURCE=2 -g  -c confusionMatrix_.cpp -o confusionMatrix_.o
g++ -std=gnu++11 -I"/usr/share/R/include" -DNDEBUG  -I"/home/aresnick@asc.upenn.edu/R/x86_64-pc-linux-gnu-library/3.6/Rcpp/include"   -fpic  -g -O2 -fdebug-prefix-map=/build/r-base-V28x5H/r-base-3.6.3=. -fstack-protector-strong -Wformat -Werror=format-security -Wdate-time -D_FORTIFY_SOURCE=2 -g  -c error.cpp -o error.o
g++ -std=gnu++11 -I"/usr/share/R/include" -DNDEBUG  -I"/home/aresnick@asc.upenn.edu/R/x86_64-pc-linux-gnu-library/3.6/Rcpp/include"   -fpic  -g -O2 -fdebug-prefix-map=/build/r-base-V28x5H/r-base-3.6.3=. -fstack-protector-strong -Wformat -Werror=format-security -Wdate-time -D_FORTIFY_SOURCE=2 -g  -c gini_.cpp -o gini_.o
g++ -std=gnu++11 -I"/usr/share/R/include" -DNDEBUG  -I"/home/aresnick@asc.upenn.edu/R/x86_64-pc-linux-gnu-library/3.6/Rcpp/include"   -fpic  -g -O2 -fdebug-prefix-map=/build/r-base-V28x5H/r-base-3.6.3=. -fstack-protector-strong -Wformat -Werror=format-security -Wdate-time -D_FORTIFY_SOURCE=2 -g  -c logLoss_.cpp -o logLoss_.o
g++ -std=gnu++11 -shared -L/usr/lib/R/lib -Wl,-Bsymbolic-functions -Wl,-z,relro -o ModelMetrics.so RcppExports.o auc_.o confusionMatrix_.o error.o gini_.o logLoss_.o -L/usr/lib/R/lib -lR
g++ -std=gnu++11 -I"/usr/share/R/include" -DNDEBUG  -I"/home/aresnick@asc.upenn.edu/R/x86_64-pc-linux-gnu-library/3.6/Rcpp/include"   -fpic  -g -O2 -fdebug-prefix-map=/build/r-base-V28x5H/r-base-3.6.3=. -fstack-protector-strong -Wformat -Werror=format-security -Wdate-time -D_FORTIFY_SOURCE=2 -g  -c RcppExports.cpp -o RcppExports.o
gcc -std=gnu99 -I"/usr/share/R/include" -DNDEBUG  -I"/home/aresnick@asc.upenn.edu/R/x86_64-pc-linux-gnu-library/3.6/Rcpp/include"   -fpic  -g -O2 -fdebug-prefix-map=/build/r-base-V28x5H/r-base-3.6.3=. -fstack-protector-strong -Wformat -Werror=format-security -Wdate-time -D_FORTIFY_SOURCE=2 -g  -c loop_apply.c -o loop_apply.o
g++ -std=gnu++11 -I"/usr/share/R/include" -DNDEBUG  -I"/home/aresnick@asc.upenn.edu/R/x86_64-pc-linux-gnu-library/3.6/Rcpp/include"   -fpic  -g -O2 -fdebug-prefix-map=/build/r-base-V28x5H/r-base-3.6.3=. -fstack-protector-strong -Wformat -Werror=format-security -Wdate-time -D_FORTIFY_SOURCE=2 -g  -c split-numeric.cpp -o split-numeric.o
g++ -std=gnu++11 -shared -L/usr/lib/R/lib -Wl,-Bsymbolic-functions -Wl,-z,relro -o plyr.so RcppExports.o loop_apply.o split-numeric.o -L/usr/lib/R/lib -lR
g++ -std=gnu++11 -I"/usr/share/R/include" -DNDEBUG  -I"/home/aresnick@asc.upenn.edu/R/x86_64-pc-linux-gnu-library/3.6/Rcpp/include"   -fpic  -g -O2 -fdebug-prefix-map=/build/r-base-V28x5H/r-base-3.6.3=. -fstack-protector-strong -Wformat -Werror=format-security -Wdate-time -D_FORTIFY_SOURCE=2 -g  -c RcppExports.cpp -o RcppExports.o
g++ -std=gnu++11 -I"/usr/share/R/include" -DNDEBUG  -I"/home/aresnick@asc.upenn.edu/R/x86_64-pc-linux-gnu-library/3.6/Rcpp/include"   -fpic  -g -O2 -fdebug-prefix-map=/build/r-base-V28x5H/r-base-3.6.3=. -fstack-protector-strong -Wformat -Werror=format-security -Wdate-time -D_FORTIFY_SOURCE=2 -g  -c RcppVersion.cpp -o RcppVersion.o
g++ -std=gnu++11 -I"/usr/share/R/include" -DNDEBUG  -I"/home/aresnick@asc.upenn.edu/R/x86_64-pc-linux-gnu-library/3.6/Rcpp/include"   -fpic  -g -O2 -fdebug-prefix-map=/build/r-base-V28x5H/r-base-3.6.3=. -fstack-protector-strong -Wformat -Werror=format-security -Wdate-time -D_FORTIFY_SOURCE=2 -g  -c delong.cpp -o delong.o
g++ -std=gnu++11 -I"/usr/share/R/include" -DNDEBUG  -I"/home/aresnick@asc.upenn.edu/R/x86_64-pc-linux-gnu-library/3.6/Rcpp/include"   -fpic  -g -O2 -fdebug-prefix-map=/build/r-base-V28x5H/r-base-3.6.3=. -fstack-protector-strong -Wformat -Werror=format-security -Wdate-time -D_FORTIFY_SOURCE=2 -g  -c perfsAll.cpp -o perfsAll.o
g++ -std=gnu++11 -shared -L/usr/lib/R/lib -Wl,-Bsymbolic-functions -Wl,-z,relro -o pROC.so RcppExports.o RcppVersion.o delong.o perfsAll.o -L/usr/lib/R/lib -lR
g++ -std=gnu++11 -I"/usr/share/R/include" -DNDEBUG  -I"/home/aresnick@asc.upenn.edu/R/x86_64-pc-linux-gnu-library/3.6/Rcpp/include"   -fpic  -g -O2 -fdebug-prefix-map=/build/r-base-V28x5H/r-base-3.6.3=. -fstack-protector-strong -Wformat -Werror=format-security -Wdate-time -D_FORTIFY_SOURCE=2 -g  -c RcppExports.cpp -o RcppExports.o
g++ -std=gnu++11 -I"/usr/share/R/include" -DNDEBUG  -I"/home/aresnick@asc.upenn.edu/R/x86_64-pc-linux-gnu-library/3.6/Rcpp/include"   -fpic  -g -O2 -fdebug-prefix-map=/build/r-base-V28x5H/r-base-3.6.3=. -fstack-protector-strong -Wformat -Werror=format-security -Wdate-time -D_FORTIFY_SOURCE=2 -g  -c melt.cpp -o melt.o
g++ -std=gnu++11 -shared -L/usr/lib/R/lib -Wl,-Bsymbolic-functions -Wl,-z,relro -o reshape2.so RcppExports.o melt.o -L/usr/lib/R/lib -lR
R environment setup complete
Running R script with Singularity container...
Auto motion path: /data00/tools/auto-motion-fmriprep
Config path: /data00/projects/geoscan_v2/scripts/FMRIPREP/config.R
R library path: /home/aresnick@asc.upenn.edu/R/x86_64-pc-linux-gnu-library/3.6
Running auto_motion_fmriprep.R script...
Found pkg-config cflags and libs!
Using PKG_CFLAGS=-I/usr/include/x86_64-linux-gnu
Using PKG_LIBS=-lcurl
Curl runtime version 7.58.0 
g++ -std=gnu++17 -I"/usr/share/R/include" -DNDEBUG -I/usr/include/x86_64-linux-gnu -DUSE_ADA_PARSER -DSTRICT_R_HEADERS -DR_NO_REMAP    -fpic  -g -O2 -fdebug-prefix-map=/build/r-base-V28x5H/r-base-3.6.3=. -fstack-protector-strong -Wformat -Werror=format-security -Wdate-time -D_FORTIFY_SOURCE=2 -g  -c ada.cpp -o ada.o
/usr/lib/R/etc/Makeconf:177: recipe for target 'ada.o' failed
Found pkg-config cflags and libs!
Using PKG_CFLAGS=-I/usr/include/freetype2 -I/usr/include/libpng16 -I/usr/include/freetype2 -I/usr/include/libpng16
Using PKG_LIBS=-lfontconfig -lfreetype
rm -f systemfonts.so caches.o cpp11.o dev_metrics.o font_matching.o font_local.o font_registry.o ft_cache.o string_shape.o font_metrics.o font_outlines.o font_fallback.o string_metrics.o emoji.o cache_store.o init.o unix/FontManagerLinux.o
g++ -std=gnu++11 -I"/usr/share/R/include" -DNDEBUG -I/usr/include/freetype2 -I/usr/include/libpng16 -I/usr/include/freetype2 -I/usr/include/libpng16 -I"/usr/local/lib/R/site-library/cpp11/include"   -fpic  -g -O2 -fdebug-prefix-map=/build/r-base-V28x5H/r-base-3.6.3=. -fstack-protector-strong -Wformat -Werror=format-security -Wdate-time -D_FORTIFY_SOURCE=2 -g  -c caches.cpp -o caches.o
g++ -std=gnu++11 -I"/usr/share/R/include" -DNDEBUG -I/usr/include/freetype2 -I/usr/include/libpng16 -I/usr/include/freetype2 -I/usr/include/libpng16 -I"/usr/local/lib/R/site-library/cpp11/include"   -fpic  -g -O2 -fdebug-prefix-map=/build/r-base-V28x5H/r-base-3.6.3=. -fstack-protector-strong -Wformat -Werror=format-security -Wdate-time -D_FORTIFY_SOURCE=2 -g  -c cpp11.cpp -o cpp11.o
g++ -std=gnu++11 -I"/usr/share/R/include" -DNDEBUG -I/usr/include/freetype2 -I/usr/include/libpng16 -I/usr/include/freetype2 -I/usr/include/libpng16 -I"/usr/local/lib/R/site-library/cpp11/include"   -fpic  -g -O2 -fdebug-prefix-map=/build/r-base-V28x5H/r-base-3.6.3=. -fstack-protector-strong -Wformat -Werror=format-security -Wdate-time -D_FORTIFY_SOURCE=2 -g  -c dev_metrics.cpp -o dev_metrics.o
g++ -std=gnu++11 -I"/usr/share/R/include" -DNDEBUG -I/usr/include/freetype2 -I/usr/include/libpng16 -I/usr/include/freetype2 -I/usr/include/libpng16 -I"/usr/local/lib/R/site-library/cpp11/include"   -fpic  -g -O2 -fdebug-prefix-map=/build/r-base-V28x5H/r-base-3.6.3=. -fstack-protector-strong -Wformat -Werror=format-security -Wdate-time -D_FORTIFY_SOURCE=2 -g  -c font_matching.cpp -o font_matching.o
g++ -std=gnu++11 -I"/usr/share/R/include" -DNDEBUG -I/usr/include/freetype2 -I/usr/include/libpng16 -I/usr/include/freetype2 -I/usr/include/libpng16 -I"/usr/local/lib/R/site-library/cpp11/include"   -fpic  -g -O2 -fdebug-prefix-map=/build/r-base-V28x5H/r-base-3.6.3=. -fstack-protector-strong -Wformat -Werror=format-security -Wdate-time -D_FORTIFY_SOURCE=2 -g  -c font_local.cpp -o font_local.o
g++ -std=gnu++11 -I"/usr/share/R/include" -DNDEBUG -I/usr/include/freetype2 -I/usr/include/libpng16 -I/usr/include/freetype2 -I/usr/include/libpng16 -I"/usr/local/lib/R/site-library/cpp11/include"   -fpic  -g -O2 -fdebug-prefix-map=/build/r-base-V28x5H/r-base-3.6.3=. -fstack-protector-strong -Wformat -Werror=format-security -Wdate-time -D_FORTIFY_SOURCE=2 -g  -c font_registry.cpp -o font_registry.o
g++ -std=gnu++11 -I"/usr/share/R/include" -DNDEBUG -I/usr/include/freetype2 -I/usr/include/libpng16 -I/usr/include/freetype2 -I/usr/include/libpng16 -I"/usr/local/lib/R/site-library/cpp11/include"   -fpic  -g -O2 -fdebug-prefix-map=/build/r-base-V28x5H/r-base-3.6.3=. -fstack-protector-strong -Wformat -Werror=format-security -Wdate-time -D_FORTIFY_SOURCE=2 -g  -c ft_cache.cpp -o ft_cache.o
g++ -std=gnu++11 -I"/usr/share/R/include" -DNDEBUG -I/usr/include/freetype2 -I/usr/include/libpng16 -I/usr/include/freetype2 -I/usr/include/libpng16 -I"/usr/local/lib/R/site-library/cpp11/include"   -fpic  -g -O2 -fdebug-prefix-map=/build/r-base-V28x5H/r-base-3.6.3=. -fstack-protector-strong -Wformat -Werror=format-security -Wdate-time -D_FORTIFY_SOURCE=2 -g  -c string_shape.cpp -o string_shape.o
g++ -std=gnu++11 -I"/usr/share/R/include" -DNDEBUG -I/usr/include/freetype2 -I/usr/include/libpng16 -I/usr/include/freetype2 -I/usr/include/libpng16 -I"/usr/local/lib/R/site-library/cpp11/include"   -fpic  -g -O2 -fdebug-prefix-map=/build/r-base-V28x5H/r-base-3.6.3=. -fstack-protector-strong -Wformat -Werror=format-security -Wdate-time -D_FORTIFY_SOURCE=2 -g  -c font_metrics.cpp -o font_metrics.o
g++ -std=gnu++11 -I"/usr/share/R/include" -DNDEBUG -I/usr/include/freetype2 -I/usr/include/libpng16 -I/usr/include/freetype2 -I/usr/include/libpng16 -I"/usr/local/lib/R/site-library/cpp11/include"   -fpic  -g -O2 -fdebug-prefix-map=/build/r-base-V28x5H/r-base-3.6.3=. -fstack-protector-strong -Wformat -Werror=format-security -Wdate-time -D_FORTIFY_SOURCE=2 -g  -c font_outlines.cpp -o font_outlines.o
/usr/lib/R/etc/Makeconf:177: recipe for target 'font_outlines.o' failed
Job completed at: Fri Jun  6 15:31:14 EDT 2025
