Warning: dependencies 'purrr', 'gtable', 'scales', 'tzdb', 'cpp11' are not available
also installing the dependencies 'gargle', 'curl', 'timechange', 'systemfonts', 'textshaping', 'vroom', 'ggplot2', 'googledrive', 'googlesheets4', 'haven', 'httr', 'lubridate', 'ragg', 'readr', 'readxl', 'rvest', 'tidyr'

trying URL 'https://cran.r-project.org/src/contrib/gargle_1.5.2.tar.gz'
Content type 'application/x-gzip' length 627560 bytes (612 KB)
==================================================
downloaded 612 KB

trying URL 'https://cran.r-project.org/src/contrib/curl_6.3.0.tar.gz'
Content type 'application/x-gzip' length 934046 bytes (912 KB)
==================================================
downloaded 912 KB

trying URL 'https://cran.r-project.org/src/contrib/timechange_0.3.0.tar.gz'
Content type 'application/x-gzip' length 103439 bytes (101 KB)
==================================================
downloaded 101 KB

trying URL 'https://cran.r-project.org/src/contrib/systemfonts_1.2.3.tar.gz'
Content type 'application/x-gzip' length 105970 bytes (103 KB)
==================================================
downloaded 103 KB

trying URL 'https://cran.r-project.org/src/contrib/textshaping_1.0.1.tar.gz'
Content type 'application/x-gzip' length 75793 bytes (74 KB)
==================================================
downloaded 74 KB

trying URL 'https://cran.r-project.org/src/contrib/vroom_1.6.5.tar.gz'
Content type 'application/x-gzip' length 750416 bytes (732 KB)
==================================================
downloaded 732 KB

trying URL 'https://cran.r-project.org/src/contrib/ggplot2_3.5.2.tar.gz'
Content type 'application/x-gzip' length 3580451 bytes (3.4 MB)
==================================================
downloaded 3.4 MB

trying URL 'https://cran.r-project.org/src/contrib/googledrive_2.1.1.tar.gz'
Content type 'application/x-gzip' length 1609266 bytes (1.5 MB)
==================================================
downloaded 1.5 MB

trying URL 'https://cran.r-project.org/src/contrib/googlesheets4_1.1.1.tar.gz'
Content type 'application/x-gzip' length 232584 bytes (227 KB)
==================================================
downloaded 227 KB

trying URL 'https://cran.r-project.org/src/contrib/haven_2.5.5.tar.gz'
Content type 'application/x-gzip' length 316909 bytes (309 KB)
==================================================
downloaded 309 KB

trying URL 'https://cran.r-project.org/src/contrib/httr_1.4.7.tar.gz'
Content type 'application/x-gzip' length 118500 bytes (115 KB)
==================================================
downloaded 115 KB

trying URL 'https://cran.r-project.org/src/contrib/lubridate_1.9.4.tar.gz'
Content type 'application/x-gzip' length 429341 bytes (419 KB)
==================================================
downloaded 419 KB

trying URL 'https://cran.r-project.org/src/contrib/ragg_1.4.0.tar.gz'
Content type 'application/x-gzip' length 430819 bytes (420 KB)
==================================================
downloaded 420 KB

trying URL 'https://cran.r-project.org/src/contrib/readr_2.1.5.tar.gz'
Content type 'application/x-gzip' length 298065 bytes (291 KB)
==================================================
downloaded 291 KB

trying URL 'https://cran.r-project.org/src/contrib/readxl_1.4.5.tar.gz'
Content type 'application/x-gzip' length 1636512 bytes (1.6 MB)
==================================================
downloaded 1.6 MB

trying URL 'https://cran.r-project.org/src/contrib/rvest_1.0.4.tar.gz'
Content type 'application/x-gzip' length 115876 bytes (113 KB)
==================================================
downloaded 113 KB

trying URL 'https://cran.r-project.org/src/contrib/tidyr_1.3.1.tar.gz'
Content type 'application/x-gzip' length 809058 bytes (790 KB)
==================================================
downloaded 790 KB

trying URL 'https://cran.r-project.org/src/contrib/tidyverse_2.0.0.tar.gz'
Content type 'application/x-gzip' length 704618 bytes (688 KB)
==================================================
downloaded 688 KB

* installing *source* package 'curl' ...
** package 'curl' successfully unpacked and MD5 sums checked
** using staged installation
** libs
In file included from ada.cpp:3:0:
ada.h:5255:10: fatal error: charconv: No such file or directory
 #include <charconv>
          ^~~~~~~~~~
compilation terminated.
make: *** [ada.o] Error 1
ERROR: compilation failed for package 'curl'
* removing '/home/aresnick@asc.upenn.edu/R/x86_64-pc-linux-gnu-library/3.6/curl'
* installing *source* package 'timechange' ...
** package 'timechange' successfully unpacked and MD5 sums checked
** using staged installation
** libs
Error: package 'cpp11' 0.2.4 was found, but >= 0.2.7 is required by 'timechange'
* removing '/home/aresnick@asc.upenn.edu/R/x86_64-pc-linux-gnu-library/3.6/timechange'
* installing *source* package 'systemfonts' ...
** package 'systemfonts' successfully unpacked and MD5 sums checked
** using staged installation
** libs
font_outlines.cpp: In function 'SEXPREC* one_glyph_bitmap(int, const char*, int, double, double, int, FreetypeCache&, bool)':
font_outlines.cpp:332:3: error: 'cpp11::writable::integers_matrix {aka cpp11::matrix<cpp11::writable::r_vector<int>, cpp11::writable::r_vector<int>::proxy>}' is not a template
   cpp11::writable::integers_matrix<> raster(bitmap.width, bitmap.rows);
   ^~~~~
make: *** [font_outlines.o] Error 1
ERROR: compilation failed for package 'systemfonts'
* removing '/home/aresnick@asc.upenn.edu/R/x86_64-pc-linux-gnu-library/3.6/systemfonts'
ERROR: dependency 'tzdb' is not available for package 'vroom'
* removing '/home/aresnick@asc.upenn.edu/R/x86_64-pc-linux-gnu-library/3.6/vroom'
ERROR: dependencies 'gtable', 'scales' are not available for package 'ggplot2'
* removing '/home/aresnick@asc.upenn.edu/R/x86_64-pc-linux-gnu-library/3.6/ggplot2'
* installing *source* package 'readxl' ...
** package 'readxl' successfully unpacked and MD5 sums checked
** using staged installation
** libs
Error: package 'cpp11' 0.2.4 was found, but >= 0.4.0 is required by 'readxl'
* removing '/home/aresnick@asc.upenn.edu/R/x86_64-pc-linux-gnu-library/3.6/readxl'
* installing *source* package 'tidyr' ...
** package 'tidyr' successfully unpacked and MD5 sums checked
** using staged installation
** libs
Error: package 'cpp11' 0.2.4 was found, but >= 0.4.0 is required by 'tidyr'
* removing '/home/aresnick@asc.upenn.edu/R/x86_64-pc-linux-gnu-library/3.6/tidyr'
ERROR: dependency 'systemfonts' is not available for package 'textshaping'
* removing '/home/aresnick@asc.upenn.edu/R/x86_64-pc-linux-gnu-library/3.6/textshaping'
ERROR: dependency 'curl' is not available for package 'httr'
* removing '/home/aresnick@asc.upenn.edu/R/x86_64-pc-linux-gnu-library/3.6/httr'
ERROR: dependency 'timechange' is not available for package 'lubridate'
* removing '/home/aresnick@asc.upenn.edu/R/x86_64-pc-linux-gnu-library/3.6/lubridate'
ERROR: dependencies 'vroom', 'tzdb' are not available for package 'readr'
* removing '/home/aresnick@asc.upenn.edu/R/x86_64-pc-linux-gnu-library/3.6/readr'
ERROR: dependency 'httr' is not available for package 'gargle'
* removing '/home/aresnick@asc.upenn.edu/R/x86_64-pc-linux-gnu-library/3.6/gargle'
ERROR: dependency 'readr' is not available for package 'haven'
* removing '/home/aresnick@asc.upenn.edu/R/x86_64-pc-linux-gnu-library/3.6/haven'
ERROR: dependencies 'systemfonts', 'textshaping' are not available for package 'ragg'
* removing '/home/aresnick@asc.upenn.edu/R/x86_64-pc-linux-gnu-library/3.6/ragg'
ERROR: dependency 'httr' is not available for package 'rvest'
* removing '/home/aresnick@asc.upenn.edu/R/x86_64-pc-linux-gnu-library/3.6/rvest'
ERROR: dependencies 'gargle', 'httr' are not available for package 'googledrive'
* removing '/home/aresnick@asc.upenn.edu/R/x86_64-pc-linux-gnu-library/3.6/googledrive'
ERROR: dependencies 'curl', 'gargle', 'googledrive', 'httr' are not available for package 'googlesheets4'
* removing '/home/aresnick@asc.upenn.edu/R/x86_64-pc-linux-gnu-library/3.6/googlesheets4'
ERROR: dependencies 'ggplot2', 'googledrive', 'googlesheets4', 'haven', 'httr', 'lubridate', 'ragg', 'readr', 'readxl', 'rvest' are not available for package 'tidyverse'
* removing '/home/aresnick@asc.upenn.edu/R/x86_64-pc-linux-gnu-library/3.6/tidyverse'

The downloaded source packages are in
	'/tmp/RtmpXDr9Q2/downloaded_packages'
There were 19 warnings (use warnings() to see them)
trying URL 'https://cran.r-project.org/src/contrib/snakecase_0.11.1.tar.gz'
Content type 'application/x-gzip' length 457817 bytes (447 KB)
==================================================
downloaded 447 KB

* installing *source* package 'snakecase' ...
** package 'snakecase' successfully unpacked and MD5 sums checked
** using staged installation
** R
** inst
** byte-compile and prepare package for lazy loading
** help
*** installing help indices
*** copying figures
** building package indices
** installing vignettes
** testing if installed package can be loaded from temporary location
** testing if installed package can be loaded from final location
** testing if installed package keeps a record of temporary installation path
* DONE (snakecase)

The downloaded source packages are in
	'/tmp/RtmpXDr9Q2/downloaded_packages'
Warning message:
In library(package, lib.loc = lib.loc, character.only = TRUE, logical.return = TRUE,  :
  there is no package called 'snakecase'
Warning: dependencies 'recipes', 'gtable', 'scales' are not available
also installing the dependencies 'proxy', 'iterators', 'Rcpp', 'ggplot2', 'e1071', 'foreach', 'ModelMetrics', 'plyr', 'pROC', 'reshape2'

trying URL 'https://cran.r-project.org/src/contrib/proxy_0.4-27.tar.gz'
Content type 'application/x-gzip' length 74622 bytes (72 KB)
==================================================
downloaded 72 KB

trying URL 'https://cran.r-project.org/src/contrib/iterators_1.0.14.tar.gz'
Content type 'application/x-gzip' length 300266 bytes (293 KB)
==================================================
downloaded 293 KB

trying URL 'https://cran.r-project.org/src/contrib/Rcpp_1.0.14.tar.gz'
Content type 'application/x-gzip' length 3013288 bytes (2.9 MB)
==================================================
downloaded 2.9 MB

trying URL 'https://cran.r-project.org/src/contrib/ggplot2_3.5.2.tar.gz'
Content type 'application/x-gzip' length 3580451 bytes (3.4 MB)
==================================================
downloaded 3.4 MB

trying URL 'https://cran.r-project.org/src/contrib/e1071_1.7-16.tar.gz'
Content type 'application/x-gzip' length 326734 bytes (319 KB)
==================================================
downloaded 319 KB

trying URL 'https://cran.r-project.org/src/contrib/foreach_1.5.2.tar.gz'
Content type 'application/x-gzip' length 89758 bytes (87 KB)
==================================================
downloaded 87 KB

trying URL 'https://cran.r-project.org/src/contrib/ModelMetrics_1.2.2.2.tar.gz'
Content type 'application/x-gzip' length 17078 bytes (16 KB)
==================================================
downloaded 16 KB

trying URL 'https://cran.r-project.org/src/contrib/plyr_1.8.9.tar.gz'
Content type 'application/x-gzip' length 401488 bytes (392 KB)
==================================================
downloaded 392 KB

trying URL 'https://cran.r-project.org/src/contrib/pROC_1.18.5.tar.gz'
Content type 'application/x-gzip' length 696162 bytes (679 KB)
==================================================
downloaded 679 KB

trying URL 'https://cran.r-project.org/src/contrib/reshape2_1.4.4.tar.gz'
Content type 'application/x-gzip' length 37307 bytes (36 KB)
==================================================
downloaded 36 KB

trying URL 'https://cran.r-project.org/src/contrib/caret_7.0-1.tar.gz'
Content type 'application/x-gzip' length 2273919 bytes (2.2 MB)
==================================================
downloaded 2.2 MB

* installing *source* package 'proxy' ...
** package 'proxy' successfully unpacked and MD5 sums checked
** using staged installation
** libs
installing to /home/aresnick@asc.upenn.edu/R/x86_64-pc-linux-gnu-library/3.6/00LOCK-proxy/00new/proxy/libs
** R
** inst
** byte-compile and prepare package for lazy loading
** help
*** installing help indices
** building package indices
** installing vignettes
** testing if installed package can be loaded from temporary location
** checking absolute paths in shared objects and dynamic libraries
** testing if installed package can be loaded from final location
** testing if installed package keeps a record of temporary installation path
* DONE (proxy)
* installing *source* package 'iterators' ...
** package 'iterators' successfully unpacked and MD5 sums checked
** using staged installation
** R
** inst
** byte-compile and prepare package for lazy loading
** help
*** installing help indices
** building package indices
** installing vignettes
** testing if installed package can be loaded from temporary location
** testing if installed package can be loaded from final location
** testing if installed package keeps a record of temporary installation path
* DONE (iterators)
* installing *source* package 'Rcpp' ...
** package 'Rcpp' successfully unpacked and MD5 sums checked
** using staged installation
** libs
installing to /home/aresnick@asc.upenn.edu/R/x86_64-pc-linux-gnu-library/3.6/00LOCK-Rcpp/00new/Rcpp/libs
** R
** inst
** byte-compile and prepare package for lazy loading
** help
*** installing help indices
** building package indices
** installing vignettes
** testing if installed package can be loaded from temporary location
** checking absolute paths in shared objects and dynamic libraries
** testing if installed package can be loaded from final location
** testing if installed package keeps a record of temporary installation path
* DONE (Rcpp)
ERROR: dependencies 'gtable', 'scales' are not available for package 'ggplot2'
* removing '/home/aresnick@asc.upenn.edu/R/x86_64-pc-linux-gnu-library/3.6/ggplot2'
* installing *source* package 'e1071' ...
** package 'e1071' successfully unpacked and MD5 sums checked
** using staged installation
** libs
installing to /home/aresnick@asc.upenn.edu/R/x86_64-pc-linux-gnu-library/3.6/00LOCK-e1071/00new/e1071/libs
** R
** inst
** byte-compile and prepare package for lazy loading
** help
*** installing help indices
** building package indices
** installing vignettes
** testing if installed package can be loaded from temporary location
** checking absolute paths in shared objects and dynamic libraries
** testing if installed package can be loaded from final location
** testing if installed package keeps a record of temporary installation path
* DONE (e1071)
* installing *source* package 'foreach' ...
** package 'foreach' successfully unpacked and MD5 sums checked
** using staged installation
** R
** demo
** inst
** byte-compile and prepare package for lazy loading
** help
*** installing help indices
** building package indices
** installing vignettes
** testing if installed package can be loaded from temporary location
** testing if installed package can be loaded from final location
** testing if installed package keeps a record of temporary installation path
* DONE (foreach)
* installing *source* package 'ModelMetrics' ...
** package 'ModelMetrics' successfully unpacked and MD5 sums checked
** using staged installation
** libs
installing to /home/aresnick@asc.upenn.edu/R/x86_64-pc-linux-gnu-library/3.6/00LOCK-ModelMetrics/00new/ModelMetrics/libs
** R
** data
*** moving datasets to lazyload DB
** byte-compile and prepare package for lazy loading
** help
*** installing help indices
** building package indices
** testing if installed package can be loaded from temporary location
** checking absolute paths in shared objects and dynamic libraries
** testing if installed package can be loaded from final location
** testing if installed package keeps a record of temporary installation path
* DONE (ModelMetrics)
* installing *source* package 'plyr' ...
** package 'plyr' successfully unpacked and MD5 sums checked
** using staged installation
** libs
installing to /home/aresnick@asc.upenn.edu/R/x86_64-pc-linux-gnu-library/3.6/00LOCK-plyr/00new/plyr/libs
** R
** data
*** moving datasets to lazyload DB
** inst
** byte-compile and prepare package for lazy loading
** help
*** installing help indices
** building package indices
** testing if installed package can be loaded from temporary location
** checking absolute paths in shared objects and dynamic libraries
** testing if installed package can be loaded from final location
** testing if installed package keeps a record of temporary installation path
* DONE (plyr)
* installing *source* package 'pROC' ...
** package 'pROC' successfully unpacked and MD5 sums checked
** using staged installation
** libs
installing to /home/aresnick@asc.upenn.edu/R/x86_64-pc-linux-gnu-library/3.6/00LOCK-pROC/00new/pROC/libs
** R
** data
*** moving datasets to lazyload DB
** inst
** byte-compile and prepare package for lazy loading
** help
*** installing help indices
** building package indices
** testing if installed package can be loaded from temporary location
** checking absolute paths in shared objects and dynamic libraries
** testing if installed package can be loaded from final location
** testing if installed package keeps a record of temporary installation path
* DONE (pROC)
* installing *source* package 'reshape2' ...
** package 'reshape2' successfully unpacked and MD5 sums checked
** using staged installation
** libs
installing to /home/aresnick@asc.upenn.edu/R/x86_64-pc-linux-gnu-library/3.6/00LOCK-reshape2/00new/reshape2/libs
** R
** data
*** moving datasets to lazyload DB
** inst
** byte-compile and prepare package for lazy loading
** help
*** installing help indices
** building package indices
** testing if installed package can be loaded from temporary location
** checking absolute paths in shared objects and dynamic libraries
** testing if installed package can be loaded from final location
** testing if installed package keeps a record of temporary installation path
* DONE (reshape2)
ERROR: dependencies 'ggplot2', 'recipes' are not available for package 'caret'
* removing '/home/aresnick@asc.upenn.edu/R/x86_64-pc-linux-gnu-library/3.6/caret'

The downloaded source packages are in
	'/tmp/RtmpXDr9Q2/downloaded_packages'
Warning messages:
1: In library(package, lib.loc = lib.loc, character.only = TRUE, logical.return = TRUE,  :
  there is no package called 'caret'
2: In install.packages("caret", repos = osuRepo, lib = "/home/aresnick@asc.upenn.edu/R/x86_64-pc-linux-gnu-library/3.6") :
  installation of package 'ggplot2' had non-zero exit status
3: In install.packages("caret", repos = osuRepo, lib = "/home/aresnick@asc.upenn.edu/R/x86_64-pc-linux-gnu-library/3.6") :
  installation of package 'caret' had non-zero exit status
Warning messages:
1: In library(package, lib.loc = lib.loc, character.only = TRUE, logical.return = TRUE,  :
  there is no package called 'randomForest'
2: package 'randomForest' is not available (for R version 3.6.3) 
Loading required package: tidyverse
Installing package into '/home/aresnick@asc.upenn.edu/R/x86_64-pc-linux-gnu-library/3.6'
(as 'lib' is unspecified)
Warning: dependencies 'purrr', 'gtable', 'scales', 'tzdb', 'cpp11' are not available
also installing the dependencies 'gargle', 'curl', 'timechange', 'systemfonts', 'textshaping', 'vroom', 'ggplot2', 'googledrive', 'googlesheets4', 'haven', 'httr', 'lubridate', 'ragg', 'readr', 'readxl', 'rvest', 'tidyr'

trying URL 'http://ftp.osuosl.org/pub/cran/src/contrib/gargle_1.5.2.tar.gz'
Content type 'application/x-gzip' length 627560 bytes (612 KB)
==================================================
downloaded 612 KB

trying URL 'http://ftp.osuosl.org/pub/cran/src/contrib/curl_6.3.0.tar.gz'
Content type 'application/x-gzip' length 934046 bytes (912 KB)
==================================================
downloaded 912 KB

trying URL 'http://ftp.osuosl.org/pub/cran/src/contrib/timechange_0.3.0.tar.gz'
Content type 'application/x-gzip' length 103439 bytes (101 KB)
==================================================
downloaded 101 KB

trying URL 'http://ftp.osuosl.org/pub/cran/src/contrib/systemfonts_1.2.3.tar.gz'
Content type 'application/x-gzip' length 105970 bytes (103 KB)
==================================================
downloaded 103 KB

trying URL 'http://ftp.osuosl.org/pub/cran/src/contrib/textshaping_1.0.1.tar.gz'
Content type 'application/x-gzip' length 75793 bytes (74 KB)
==================================================
downloaded 74 KB

trying URL 'http://ftp.osuosl.org/pub/cran/src/contrib/vroom_1.6.5.tar.gz'
Content type 'application/x-gzip' length 750416 bytes (732 KB)
==================================================
downloaded 732 KB

trying URL 'http://ftp.osuosl.org/pub/cran/src/contrib/ggplot2_3.5.2.tar.gz'
Content type 'application/x-gzip' length 3580451 bytes (3.4 MB)
==================================================
downloaded 3.4 MB

trying URL 'http://ftp.osuosl.org/pub/cran/src/contrib/googledrive_2.1.1.tar.gz'
Content type 'application/x-gzip' length 1609266 bytes (1.5 MB)
==================================================
downloaded 1.5 MB

trying URL 'http://ftp.osuosl.org/pub/cran/src/contrib/googlesheets4_1.1.1.tar.gz'
Content type 'application/x-gzip' length 232584 bytes (227 KB)
==================================================
downloaded 227 KB

trying URL 'http://ftp.osuosl.org/pub/cran/src/contrib/haven_2.5.5.tar.gz'
Content type 'application/x-gzip' length 316909 bytes (309 KB)
==================================================
downloaded 309 KB

trying URL 'http://ftp.osuosl.org/pub/cran/src/contrib/httr_1.4.7.tar.gz'
Content type 'application/x-gzip' length 118500 bytes (115 KB)
==================================================
downloaded 115 KB

trying URL 'http://ftp.osuosl.org/pub/cran/src/contrib/lubridate_1.9.4.tar.gz'
Content type 'application/x-gzip' length 429341 bytes (419 KB)
==================================================
downloaded 419 KB

trying URL 'http://ftp.osuosl.org/pub/cran/src/contrib/ragg_1.4.0.tar.gz'
Content type 'application/x-gzip' length 430819 bytes (420 KB)
==================================================
downloaded 420 KB

trying URL 'http://ftp.osuosl.org/pub/cran/src/contrib/readr_2.1.5.tar.gz'
Content type 'application/x-gzip' length 298065 bytes (291 KB)
==================================================
downloaded 291 KB

trying URL 'http://ftp.osuosl.org/pub/cran/src/contrib/readxl_1.4.5.tar.gz'
Content type 'application/x-gzip' length 1636512 bytes (1.6 MB)
==================================================
downloaded 1.6 MB

trying URL 'http://ftp.osuosl.org/pub/cran/src/contrib/rvest_1.0.4.tar.gz'
Content type 'application/x-gzip' length 115876 bytes (113 KB)
==================================================
downloaded 113 KB

trying URL 'http://ftp.osuosl.org/pub/cran/src/contrib/tidyr_1.3.1.tar.gz'
Content type 'application/x-gzip' length 809058 bytes (790 KB)
==================================================
downloaded 790 KB

trying URL 'http://ftp.osuosl.org/pub/cran/src/contrib/tidyverse_2.0.0.tar.gz'
Content type 'application/x-gzip' length 704618 bytes (688 KB)
==================================================
downloaded 688 KB

* installing *source* package 'curl' ...
** package 'curl' successfully unpacked and MD5 sums checked
** using staged installation
** libs
In file included from ada.cpp:3:0:
ada.h:5255:10: fatal error: charconv: No such file or directory
 #include <charconv>
          ^~~~~~~~~~
compilation terminated.
make: *** [ada.o] Error 1
ERROR: compilation failed for package 'curl'
* removing '/home/aresnick@asc.upenn.edu/R/x86_64-pc-linux-gnu-library/3.6/curl'
* installing *source* package 'timechange' ...
** package 'timechange' successfully unpacked and MD5 sums checked
** using staged installation
** libs
Error: package 'cpp11' 0.2.4 was found, but >= 0.2.7 is required by 'timechange'
* removing '/home/aresnick@asc.upenn.edu/R/x86_64-pc-linux-gnu-library/3.6/timechange'
* installing *source* package 'systemfonts' ...
** package 'systemfonts' successfully unpacked and MD5 sums checked
** using staged installation
** libs
font_outlines.cpp: In function 'SEXPREC* one_glyph_bitmap(int, const char*, int, double, double, int, FreetypeCache&, bool)':
font_outlines.cpp:332:3: error: 'cpp11::writable::integers_matrix {aka cpp11::matrix<cpp11::writable::r_vector<int>, cpp11::writable::r_vector<int>::proxy>}' is not a template
   cpp11::writable::integers_matrix<> raster(bitmap.width, bitmap.rows);
   ^~~~~
make: *** [font_outlines.o] Error 1
ERROR: compilation failed for package 'systemfonts'
* removing '/home/aresnick@asc.upenn.edu/R/x86_64-pc-linux-gnu-library/3.6/systemfonts'
ERROR: dependency 'tzdb' is not available for package 'vroom'
* removing '/home/aresnick@asc.upenn.edu/R/x86_64-pc-linux-gnu-library/3.6/vroom'
ERROR: dependencies 'gtable', 'scales' are not available for package 'ggplot2'
* removing '/home/aresnick@asc.upenn.edu/R/x86_64-pc-linux-gnu-library/3.6/ggplot2'
* installing *source* package 'readxl' ...
** package 'readxl' successfully unpacked and MD5 sums checked
** using staged installation
** libs
Error: package 'cpp11' 0.2.4 was found, but >= 0.4.0 is required by 'readxl'
* removing '/home/aresnick@asc.upenn.edu/R/x86_64-pc-linux-gnu-library/3.6/readxl'
* installing *source* package 'tidyr' ...
** package 'tidyr' successfully unpacked and MD5 sums checked
** using staged installation
** libs
Error: package 'cpp11' 0.2.4 was found, but >= 0.4.0 is required by 'tidyr'
* removing '/home/aresnick@asc.upenn.edu/R/x86_64-pc-linux-gnu-library/3.6/tidyr'
ERROR: dependency 'systemfonts' is not available for package 'textshaping'
* removing '/home/aresnick@asc.upenn.edu/R/x86_64-pc-linux-gnu-library/3.6/textshaping'
ERROR: dependency 'curl' is not available for package 'httr'
* removing '/home/aresnick@asc.upenn.edu/R/x86_64-pc-linux-gnu-library/3.6/httr'
ERROR: dependency 'timechange' is not available for package 'lubridate'
* removing '/home/aresnick@asc.upenn.edu/R/x86_64-pc-linux-gnu-library/3.6/lubridate'
ERROR: dependencies 'vroom', 'tzdb' are not available for package 'readr'
* removing '/home/aresnick@asc.upenn.edu/R/x86_64-pc-linux-gnu-library/3.6/readr'
ERROR: dependency 'httr' is not available for package 'gargle'
* removing '/home/aresnick@asc.upenn.edu/R/x86_64-pc-linux-gnu-library/3.6/gargle'
ERROR: dependency 'readr' is not available for package 'haven'
* removing '/home/aresnick@asc.upenn.edu/R/x86_64-pc-linux-gnu-library/3.6/haven'
ERROR: dependencies 'systemfonts', 'textshaping' are not available for package 'ragg'
* removing '/home/aresnick@asc.upenn.edu/R/x86_64-pc-linux-gnu-library/3.6/ragg'
ERROR: dependency 'httr' is not available for package 'rvest'
* removing '/home/aresnick@asc.upenn.edu/R/x86_64-pc-linux-gnu-library/3.6/rvest'
ERROR: dependencies 'gargle', 'httr' are not available for package 'googledrive'
* removing '/home/aresnick@asc.upenn.edu/R/x86_64-pc-linux-gnu-library/3.6/googledrive'
ERROR: dependencies 'curl', 'gargle', 'googledrive', 'httr' are not available for package 'googlesheets4'
* removing '/home/aresnick@asc.upenn.edu/R/x86_64-pc-linux-gnu-library/3.6/googlesheets4'
ERROR: dependencies 'ggplot2', 'googledrive', 'googlesheets4', 'haven', 'httr', 'lubridate', 'ragg', 'readr', 'readxl', 'rvest' are not available for package 'tidyverse'
* removing '/home/aresnick@asc.upenn.edu/R/x86_64-pc-linux-gnu-library/3.6/tidyverse'

The downloaded source packages are in
	'/tmp/RtmppTO77b/downloaded_packages'
There were 19 warnings (use warnings() to see them)
Loading required package: caret
Installing package into '/home/aresnick@asc.upenn.edu/R/x86_64-pc-linux-gnu-library/3.6'
(as 'lib' is unspecified)
Warning: dependencies 'recipes', 'gtable', 'scales' are not available
also installing the dependency 'ggplot2'

trying URL 'http://ftp.osuosl.org/pub/cran/src/contrib/ggplot2_3.5.2.tar.gz'
Content type 'application/x-gzip' length 3580451 bytes (3.4 MB)
==================================================
downloaded 3.4 MB

trying URL 'http://ftp.osuosl.org/pub/cran/src/contrib/caret_7.0-1.tar.gz'
Content type 'application/x-gzip' length 2273919 bytes (2.2 MB)
==================================================
downloaded 2.2 MB

ERROR: dependencies 'gtable', 'scales' are not available for package 'ggplot2'
* removing '/home/aresnick@asc.upenn.edu/R/x86_64-pc-linux-gnu-library/3.6/ggplot2'
ERROR: dependencies 'ggplot2', 'recipes' are not available for package 'caret'
* removing '/home/aresnick@asc.upenn.edu/R/x86_64-pc-linux-gnu-library/3.6/caret'

The downloaded source packages are in
	'/tmp/RtmppTO77b/downloaded_packages'
Warning messages:
1: In library(package, lib.loc = lib.loc, character.only = TRUE, logical.return = TRUE,  :
  there is no package called 'caret'
2: In install.packages("caret", repos = osuRepo) :
  installation of package 'ggplot2' had non-zero exit status
3: In install.packages("caret", repos = osuRepo) :
  installation of package 'caret' had non-zero exit status
Loading required package: randomForest
Installing package into '/home/aresnick@asc.upenn.edu/R/x86_64-pc-linux-gnu-library/3.6'
(as 'lib' is unspecified)
Warning messages:
1: In library(package, lib.loc = lib.loc, character.only = TRUE, logical.return = TRUE,  :
  there is no package called 'randomForest'
2: package 'randomForest' is not available (for R version 3.6.3) 
--------Loading confound files--------
sub-GEO004/ses-t2/func/sub-GEO004_ses-t2_task-image_run-1_desc-confounds_timeseries.tsv
Error in tmp %>% select(subjectID, wave, task, run, volume, CSF, WhiteMatter,  : 
  could not find function "%>%"
Execution halted
srun: error: cls000: task 0: Exited with exit code 1
