Job started at: Fri Jun  6 14:37:08 EDT 2025
Job ID: 23929
Running on node: cls000
Working directory: /data00/projects/geoscan_v2/scripts/FMRIPREP/jobs
Running R script with Singularity container...
Auto motion path: /data00/tools/auto-motion-fmriprep
Config path: /data00/projects/geoscan_v2/scripts/FMRIPREP/config.R
R library path: /home/aresnick@asc.upenn.edu/R/x86_64-pc-linux-gnu-library/3.6
ARGUMENT 'Rscript' __ignored__

ARGUMENT 'auto_motion_fmriprep.R' __ignored__

ARGUMENT '/data00/projects/geoscan_v2/scripts/FMRIPREP/config.R' __ignored__


R version 3.6.3 (2020-02-29) -- "Holding the Windsock"
Copyright (C) 2020 The R Foundation for Statistical Computing
Platform: x86_64-pc-linux-gnu (64-bit)

R is free software and comes with ABSOLUTELY NO WARRANTY.
You are welcome to redistribute it under certain conditions.
Type 'license()' or 'licence()' for distribution details.

R is a collaborative project with many contributors.
Type 'contributors()' for more information and
'citation()' on how to cite R or R packages in publications.

Type 'demo()' for some demos, 'help()' for on-line help, or
'help.start()' for an HTML browser interface to help.
Type 'q()' to quit R.

> 
Job completed at: Fri Jun  6 14:37:08 EDT 2025
